
Gurobi 11.0.0 (mac64[x86]) logging started Wed Feb 12 17:26:07 2025

Set parameter LogFile to value "2D_BPP.log"
Set parameter Method to value 2
Gurobi Optimizer version 11.0.0 build v11.0.0rc2 (mac64[x86] - Darwin 24.2.0 24C101)

CPU model: Intel(R) Core(TM) i7-9750H CPU @ 2.60GHz
Thread count: 6 physical cores, 12 logical processors, using up to 12 threads

Optimize a model with 26354 rows, 7237 columns and 82579 nonzeros
Model fingerprint: 0x59e8d69e
Model has 4 quadratic constraints
Variable types: 725 continuous, 6512 integer (6512 binary)
Coefficient statistics:
  Matrix range     [2e-01, 5e+04]
  QMatrix range    [1e+00, 1e+00]
  Objective range  [2e+02, 2e+02]
  Bounds range     [1e+00, 1e+00]
  RHS range        [1e+00, 2e+04]
Presolve removed 1954 rows and 478 columns
Presolve time: 0.01s

Explored 0 nodes (0 simplex iterations) in 0.02 seconds (0.01 work units)
Thread count was 1 (of 12 available processors)

Solution count 0

Model is infeasible
Best objective -, best bound -, gap -

User-callback calls 51, time in user-callback 0.00 sec
Gurobi Optimizer version 11.0.0 build v11.0.0rc2 (mac64[x86] - Darwin 24.2.0 24C101)

CPU model: Intel(R) Core(TM) i7-9750H CPU @ 2.60GHz
Thread count: 6 physical cores, 12 logical processors, using up to 12 threads


Computing Irreducible Inconsistent Subsystem (IIS)...

           Constraints          |            Bounds           |  Runtime
      Min       Max     Guess   |   Min       Max     Guess   |
--------------------------------------------------------------------------
        0     24622         -         0       725         -           0s
        3         3         3         0         0         0           0s

IIS computed: 3 constraints, 0 bounds
IIS runtime: 0.13 seconds (0.04 work units)

Gurobi 11.0.0 (mac64[x86]) logging started Wed Feb 12 17:28:14 2025

Set parameter LogFile to value "2D_BPP.log"
Set parameter Method to value 2
Gurobi Optimizer version 11.0.0 build v11.0.0rc2 (mac64[x86] - Darwin 24.2.0 24C101)

CPU model: Intel(R) Core(TM) i7-9750H CPU @ 2.60GHz
Thread count: 6 physical cores, 12 logical processors, using up to 12 threads

Optimize a model with 26256 rows, 7237 columns and 82383 nonzeros
Model fingerprint: 0xdafaa03b
Model has 4 quadratic constraints
Variable types: 725 continuous, 6512 integer (6512 binary)
Coefficient statistics:
  Matrix range     [2e-01, 5e+04]
  QMatrix range    [1e+00, 1e+00]
  Objective range  [2e+02, 2e+02]
  Bounds range     [1e+00, 1e+00]
  RHS range        [1e+00, 2e+04]
Presolve removed 1876 rows and 418 columns
Presolve time: 0.01s

Explored 0 nodes (0 simplex iterations) in 0.01 seconds (0.01 work units)
Thread count was 1 (of 12 available processors)

Solution count 0

Model is infeasible
Best objective -, best bound -, gap -

User-callback calls 51, time in user-callback 0.00 sec
Gurobi Optimizer version 11.0.0 build v11.0.0rc2 (mac64[x86] - Darwin 24.2.0 24C101)

CPU model: Intel(R) Core(TM) i7-9750H CPU @ 2.60GHz
Thread count: 6 physical cores, 12 logical processors, using up to 12 threads


Computing Irreducible Inconsistent Subsystem (IIS)...

           Constraints          |            Bounds           |  Runtime
      Min       Max     Guess   |   Min       Max     Guess   |
--------------------------------------------------------------------------
        0     24524         -         0       725         -           0s
        3         3         3         0         0         0           0s

IIS computed: 3 constraints, 0 bounds
IIS runtime: 0.14 seconds (0.08 work units)

Gurobi 11.0.0 (mac64[x86]) logging started Wed Feb 12 17:28:59 2025

Set parameter LogFile to value "2D_BPP.log"
Set parameter Method to value 2
Gurobi Optimizer version 11.0.0 build v11.0.0rc2 (mac64[x86] - Darwin 24.2.0 24C101)

CPU model: Intel(R) Core(TM) i7-9750H CPU @ 2.60GHz
Thread count: 6 physical cores, 12 logical processors, using up to 12 threads

Optimize a model with 26304 rows, 7237 columns and 82479 nonzeros
Model fingerprint: 0x6844e997
Model has 4 quadratic constraints
Variable types: 725 continuous, 6512 integer (6512 binary)
Coefficient statistics:
  Matrix range     [2e-01, 5e+04]
  QMatrix range    [1e+00, 1e+00]
  Objective range  [2e+02, 2e+02]
  Bounds range     [1e+00, 1e+00]
  RHS range        [1e+00, 2e+04]
Presolve removed 1918 rows and 460 columns
Presolve time: 0.01s

Explored 0 nodes (0 simplex iterations) in 0.01 seconds (0.01 work units)
Thread count was 1 (of 12 available processors)

Solution count 0

Model is infeasible
Best objective -, best bound -, gap -

User-callback calls 51, time in user-callback 0.00 sec
Gurobi Optimizer version 11.0.0 build v11.0.0rc2 (mac64[x86] - Darwin 24.2.0 24C101)

CPU model: Intel(R) Core(TM) i7-9750H CPU @ 2.60GHz
Thread count: 6 physical cores, 12 logical processors, using up to 12 threads


Computing Irreducible Inconsistent Subsystem (IIS)...

           Constraints          |            Bounds           |  Runtime
      Min       Max     Guess   |   Min       Max     Guess   |
--------------------------------------------------------------------------
        0     24572         -         0       725         -           0s
        3         3         3         0         0         0           0s

IIS computed: 3 constraints, 0 bounds
IIS runtime: 0.15 seconds (0.04 work units)

Gurobi 11.0.0 (mac64[x86]) logging started Wed Feb 12 17:35:21 2025

Set parameter LogFile to value "2D_BPP.log"
Set parameter Method to value 2
Gurobi Optimizer version 11.0.0 build v11.0.0rc2 (mac64[x86] - Darwin 24.2.0 24C101)

CPU model: Intel(R) Core(TM) i7-9750H CPU @ 2.60GHz
Thread count: 6 physical cores, 12 logical processors, using up to 12 threads

Optimize a model with 26304 rows, 7237 columns and 82479 nonzeros
Model fingerprint: 0x40ac1150
Model has 4 quadratic constraints
Variable types: 725 continuous, 6512 integer (6512 binary)
Coefficient statistics:
  Matrix range     [2e-01, 5e+04]
  QMatrix range    [1e+00, 1e+00]
  Objective range  [2e+02, 2e+02]
  Bounds range     [1e+00, 1e+00]
  RHS range        [1e+00, 2e+04]
Presolve removed 9815 rows and 1933 columns
Presolve time: 0.49s
Presolved: 16489 rows, 5304 columns, 58650 nonzeros
Variable types: 686 continuous, 4618 integer (4618 binary)
Root barrier log...

Ordering time: 0.06s

Barrier statistics:
 Dense cols : 197
 AA' NZ     : 1.721e+05
 Factor NZ  : 5.633e+05 (roughly 13 MB of memory)
 Factor Ops : 6.351e+07 (less than 1 second per iteration)
 Threads    : 5

                  Objective                Residual
Iter       Primal          Dual         Primal    Dual     Compl     Time
   0   4.43284217e+02 -5.58105400e+04  5.52e+02 2.81e-03  4.93e+01     1s
   1   8.72426628e+02 -8.26145758e+04  1.58e+02 1.88e-01  2.33e+01     1s
   2   6.66787162e+02 -6.56997266e+04  2.13e+01 1.74e-01  4.40e+00     1s
   3   6.12348461e+02 -3.35430590e+04  2.26e+00 5.17e-02  1.39e+00     1s
   4   3.86514057e+02 -5.90459627e+03  4.01e-01 2.11e-02  2.41e-01     1s
   5   3.33950445e+02 -1.75229025e+02  1.04e-01 2.00e-03  1.92e-02     1s
   6   3.04062554e+02  2.01037487e+02  1.37e-02 9.28e-03  3.81e-03     1s
   7   3.03419106e+02  2.92973485e+02  1.15e-02 1.52e-03  3.90e-04     1s
   8   3.00405299e+02  2.99138604e+02  6.98e-04 6.18e-04  4.59e-05     1s
   9   3.00401187e+02  2.99123364e+02  6.91e-04 1.74e-03  4.56e-05     1s
  10   3.00050132e+02  2.99344069e+02  8.60e-05 1.28e-03  2.45e-05     1s
  11   3.00000381e+02  2.99948344e+02  6.54e-07 1.54e-04  2.64e-06     1s
  12   3.00000375e+02  2.99956793e+02  6.44e-07 2.02e-04  2.62e-06     1s
  13   3.00000375e+02  2.99977412e+02  6.44e-07 4.00e-04  2.62e-06     1s
  14   3.00000374e+02  2.99935513e+02  6.39e-07 2.68e-04  2.62e-06     1s
  15   3.00000373e+02  2.99936493e+02  6.33e-07 3.21e-04  2.62e-06     1s
  16   3.00000018e+02  2.99973872e+02  3.11e-08 2.01e-04  1.49e-06     1s
  17   3.00000009e+02  2.99987780e+02  1.56e-08 1.75e-04  1.21e-06     1s
  18   3.00000000e+02  3.00005490e+02  1.97e-10 8.44e-05  4.83e-08     1s
  19   3.00000000e+02  3.00005451e+02  9.91e-11 6.19e-05  3.53e-08     1s
  20   3.00000000e+02  3.00002022e+02  4.96e-11 4.97e-05  2.84e-08     1s
  21   3.00000000e+02  3.00001702e+02  2.51e-11 3.53e-05  1.47e-08     1s
  22   3.00000000e+02  3.00006059e+02  1.29e-11 4.61e-05  1.07e-08     1s
  23   3.00000000e+02  2.99999985e+02  2.42e-13 4.74e-07  4.10e-12     1s
  24   3.00000000e+02  3.00000000e+02  2.71e-12 7.79e-11  2.77e-17     1s

Barrier solved model in 24 iterations and 1.47 seconds (0.64 work units)
Optimal objective 3.00000000e+02


Root relaxation: objective 3.000000e+02, 2711 iterations, 0.92 seconds (0.35 work units)

    Nodes    |    Current Node    |     Objective Bounds      |     Work
 Expl Unexpl |  Obj  Depth IntInf | Incumbent    BestBd   Gap | It/Node Time

     0     0  300.00000    0  145          -  300.00000      -     -    3s
     0     0  300.00000    0  243          -  300.00000      -     -    4s
     0     0  300.00000    0  315          -  300.00000      -     -    4s
     0     0  300.00000    0  137          -  300.00000      -     -    6s
     0     0  300.00000    0  329          -  300.00000      -     -    7s
     0     0  300.00000    0  186          -  300.00000      -     -    8s
     0     0  300.00000    0  301          -  300.00000      -     -    9s
     0     0  300.00000    0  211          -  300.00000      -     -   11s
     0     0  300.00000    0  368          -  300.00000      -     -   11s
     0     0  300.00000    0  118          -  300.00000      -     -   14s
     0     0  300.00000    0  332          -  300.00000      -     -   14s
     0     0  300.00000    0  229          -  300.00000      -     -   17s
     0     0  300.00000    0  170          -  300.00000      -     -   18s
     0     2  300.00000    0  159          -  300.00000      -     -   23s
    37    44  350.00000    7  327          -  300.00000      -   584   25s
   224   342  350.00000   35  248          -  300.00000      -   334   30s
   600   673  300.00000   11  295          -  300.00000      -   218   37s
   824  1029  300.00000   31  524          -  300.00000      -   226   41s
  1368  1454  300.00000   83  130          -  300.00000      -   171   45s
  2039  1456  500.00000   51   62          -  300.00000      -   146   53s
  2042  1458  303.50000  119   83          -  300.00000      -   146   56s
  2045  1460  300.00000   58  393          -  300.00000      -   145   60s
  2048  1462  300.00000   58  157          -  300.00000      -   145   66s
  2050  1464  300.00000   92  156          -  300.00000      -   145   72s
  2052  1465  300.00000   14  116          -  300.00000      -   145   78s
  2053  1466  300.00000   58  532          -  300.00000      -   145   81s
  2054  1466  300.00000   48  117          -  300.00000      -   145   88s
  2055  1467  300.00000   35  477          -  300.00000      -   145   91s
  2056  1468  300.00000   58  189          -  300.00000      -   145   97s
  2058  1469  300.00000   24  197          -  300.00000      -   144  104s
  2059  1470  300.00000   62  156          -  300.00000      -   144  108s
  2060  1470  300.00000   25  156          -  300.00000      -   144  110s
  2146  1547  350.00000   21  380          -  300.00000      -  59.2  116s
  2285  1675  350.00000   34  318          -  300.00000      -  84.7  122s
  2355  1704 infeasible   40               -  300.00000      -   100  126s
  2433  1779  300.00000   17  557          -  300.00000      -   112  132s
  2568  1932  300.00000   23  286          -  300.00000      -   134  143s
  2780  1982  300.00000   44  254          -  300.00000      -   159  169s
  2935  2295  300.00000   62  197          -  300.00000      -   168  186s
  3421  2493  300.00000   38  229          -  300.00000      -   184  201s
  3921  2660  300.00000   65  275          -  300.00000      -   195  215s
  4399  3657  300.00000   63  204          -  300.00000      -   198  226s
  6260  3143 infeasible  119               -  300.00000      -   181  235s
  6520  3213  300.00000   77  133          -  300.00000      -   185  244s
  6761  4066  500.00000  101  463          -  300.00000      -   188  252s
  8350  4141 infeasible   82               -  300.00000      -   174  260s
  8627  5162  300.00000   81  172          -  300.00000      -   177  267s
 10691  5214 infeasible  110               -  300.00000      -   158  276s
 10953  5482  500.00000   99  288          -  300.00000      -   159  284s
 11595  5954  300.00000  102  322          -  300.00000      -   158  293s
 12836  6117 infeasible  113               -  300.00000      -   153  310s
 13245  7600  314.09724  111  282          -  300.00000      -   155  328s
 16502  7758 infeasible  140               -  300.00000      -   148  336s
 16784  7933 infeasible  112               -  300.00000      -   149  344s
 17073  8702  500.00000  117  390          -  300.00000      -   150  351s
 18502  8850  300.00000   83  293          -  300.00000      -   147  359s
 18760  9536  300.00000  119  256          -  300.00000      -   148  366s
 19844  9690 infeasible  145               -  300.00000      -   148  374s
 20147 10538  500.00000   88  302          -  300.00000      -   149  381s
 21835 10548 infeasible  142               -  300.00000      -   144  387s
 22037 10603 infeasible  113               -  300.00000      -   146  395s
 22206 10726  314.84444  112  304          -  300.00000      -   148  403s
 22441 11523  308.06667  113  281          -  300.00000      -   151  411s
 23851 11630 infeasible   91               -  300.00000      -   149  421s
 24074 12305  300.00000  100  261          -  300.00000      -   151  431s
 25373 12311 infeasible  138               -  300.00000      -   149  517s
 25435 13499 infeasible  112               -  300.00000      -   150  653s
 31441 14805  300.00000  107  281          -  300.00000      -   198  668s
 34525 17089  301.33333  113  160          -  300.00000      -   189  679s
 39461 18622  301.33333  133  220          -  300.00000      -   177  687s
 44346 19169  300.00000  168  331          -  300.00000      -   166  691s
 47023 20155  500.00000  167  386          -  300.00000      -   160  696s
 49923 20629 infeasible  163               -  300.00000      -   156  701s
 50198 20816  300.00000   99  225          -  300.00000      -   157  705s
 51193 21575  300.00000  121  296          -  300.00000      -   157  711s
 52055 22421 infeasible  132               -  300.00000      -   157  719s
 52540 25258  300.00000  124  350          -  300.00000      -   157  729s
 55303 25258  301.55556  152  313          -  300.00000      -   155  730s
 56799 25395  500.00000  124  276          -  300.00000      -   155  737s
 56903 25459  500.00000  128  262          -  300.00000      -   155  741s
 57079 25731  305.70605  113  320          -  300.00000      -   156  745s
 57557 25820 infeasible  125               -  300.00000      -   156  750s
 59354 27045 infeasible  167               -  300.00000      -   155  759s
 59550 27913  300.00000  112  229          -  300.00000      -   156  762s
 60810 27934  300.00000   92  235          -  300.00000      -   155  780s
 61131 28172 infeasible  112               -  300.00000      -   155  787s
 61336 28970  300.00000  106  298          -  300.00000      -   155  791s
 62470 29089  300.00000   98  191          -  300.00000      -   155  795s
 62669 29448  302.96731  100  221          -  300.00000      -   155  800s
 63481 29658  300.00000   96  204          -  300.00000      -   157  809s
 63770 30367  500.00000  134  254          -  300.00000      -   157  813s
 65075 30373 infeasible  122               -  300.00000      -   157  820s
 65403 31599  500.00000  112  261          -  300.00000      -   158  838s
 68146 31751 infeasible  115               -  300.00000      -   159  845s
 68400 31968  300.00000  133  328          -  300.00000      -   161  852s
 68671 32369  322.02736  143  254          -  300.00000      -   163  860s
 69156 33886  300.00000   82  221          -  300.00000      -   164  867s
 71571 34260  300.00000   61  288          -  300.00000      -   164  872s
 72079 35683  300.00000  112  299          -  300.00000      -   164  878s
 74127 35935 infeasible  111               -  300.00000      -   164  883s
 74463 37261  300.00000   95  313          -  300.00000      -   164  888s
 76288 37354  302.15054  100  385          -  300.00000      -   164  893s
 76447 37562  300.00000   32  274          -  300.00000      -   165  898s
 76764 38909  300.00000   63  151          -  300.00000      -   165  903s
 78716 39063 infeasible  103               -  300.00000      -   164  910s
 79016 41268  300.00000   95  309          -  300.00000      -   165  928s
 82466 41459  305.80645  112  375          -  300.00000      -   165  934s
 82895 41481  500.00000  127  345          -  300.00000      -   166  953s
 82917 41781 infeasible  130               -  300.00000      -   166  958s
 83341 41948 infeasible  101               -  300.00000      -   166  965s
 83700 42184 infeasible  105               -  300.00000      -   167  972s
 84138 44529  300.00000  103  270          -  300.00000      -   167  979s
 87852 44589 infeasible  112               -  300.00000      -   164  983s
 88076 44688  300.00000  107  185          -  300.00000      -   165  987s
 88327 46220  300.00000   84  165          -  300.00000      -   165  992s
 90841 46320 infeasible  122               -  300.00000      -   163  995s
 91492 47350  300.00000  101  400          -  300.00000      -   163 1006s
 92767 47536 infeasible  100               -  300.00000      -   163 1011s
 93176 49492  300.00000   86  138          -  300.00000      -   163 1016s
 96652 49673  300.00000  131  261          -  300.00000      -   160 1021s
 98280 50596 infeasible  115               -  300.00000      -   159 1027s
 98605 51505  300.00000   88  212          -  300.00000      -   160 1032s
 99880 51559 infeasible  144               -  300.00000      -   159 1035s
 101236 52386  300.00000  103  204          -  300.00000      -   158 1040s
 101661 53202  300.00000   83  334          -  300.00000      -   159 1045s
 102922 54134  500.00000  100  283          -  300.00000      -   158 1050s
 104179 54263 infeasible  122               -  300.00000      -   157 1057s
 104482 57817  300.00000  102  309          -  300.00000      -   158 1072s
 110351 57899 infeasible  139               -  300.00000      -   155 1075s
 110726 58112  500.00000   78  190          -  300.00000      -   155 1080s
 111170 59255  500.00000  109  420          -  300.00000      -   155 1086s
 112956 60133  300.00000   98  155          -  300.00000      -   154 1091s
 114287 60198 infeasible  110               -  300.00000      -   153 1095s
 116090 61247 infeasible  128               -  300.00000      -   152 1101s
 117631 62337 infeasible  147               -  300.00000      -   152 1110s
 118010 65840  300.00000   93  292          -  300.00000      -   152 1122s
 124072 65972  500.00000  101  276          -  300.00000      -   149 1126s
 124307 66060 infeasible  119               -  300.00000      -   149 1131s
 124598 66769  500.00000   94  233          -  300.00000      -   150 1136s
 125779 67504  500.00000   99  190          -  300.00000      -   150 1141s
 127032 68233  500.00000  113  229          -  300.00000      -   149 1147s
 128212 69067  307.09282  104  285          -  300.00000      -   149 1152s
 129302 69106 infeasible  108               -  300.00000      -   149 1155s
 130552 69948 infeasible  163               -  300.00000      -   149 1163s
 130931 73654  300.00000  110  441          -  300.00000      -   149 1174s
 136937 73712 infeasible  101               -  300.00000      -   146 1177s
 137187 73876  500.00000   91  283          -  300.00000      -   147 1181s
 137506 74033  300.00000  107  201          -  300.00000      -   147 1186s
 137823 74852  300.00000  113  212          -  300.00000      -   147 1191s
 139275 75660  300.00000  108  317          -  300.00000      -   147 1197s
 140603 76516  300.00000  103  256          -  300.00000      -   147 1202s
 142042 76632  500.00000   90  268          -  300.00000      -   146 1205s
 143434 77384  300.00000  116  266          -  300.00000      -   145 1213s
 143749 80374  300.00000  108  419          -  300.00000      -   146 1226s
 149256 80467  300.00000   90  292          -  300.00000      -   144 1231s
 149568 80603  300.00000   83  177          -  300.00000      -   145 1237s
 149747 80669  300.00000  108  202          -  300.00000      -   145 1240s
 151537 81694 infeasible  121               -  300.00000      -   145 1247s
 151777 82641  300.00000  125  215          -  300.00000      -   145 1250s
 153755 82999 infeasible  114               -  300.00000      -   144 1255s
 154614 83465  500.00000  108  275          -  300.00000      -   144 1261s
 156258 84505 infeasible  124               -  300.00000      -   144 1271s
 156646 84517  300.00000  113  240          -  300.00000      -   144 1291s
 156658 85083  300.00000  114  243          -  300.00000      -   144 1304s
*157283 84230             149     700.0000000  300.00000  57.1%   145 1304s
 157780 84509  500.00000  121  323  700.00000  300.00000  57.1%   145 1316s
 158668 87526  500.00000   89  355  700.00000  300.00000  57.1%   145 1326s
 164292 87636 infeasible   73       700.00000  300.00000  57.1%   143 1330s
 164855 87783  500.00000  120  225  700.00000  300.00000  57.1%   143 1336s
 165167 88141  500.00000   72  209  700.00000  300.00000  57.1%   143 1340s
 166216 89091  500.00000  110  400  700.00000  300.00000  57.1%   143 1347s
 167705 89077 infeasible  137       700.00000  300.00000  57.1%   143 1354s
 167735 89134  500.00000  111  200  700.00000  300.00000  57.1%   143 1361s
 167898 89202  300.00000   93  196  700.00000  300.00000  57.1%   143 1370s
 168072 89266  300.00000  103  316  700.00000  300.00000  57.1%   143 1377s
 168244 89328 infeasible  103       700.00000  300.00000  57.1%   143 1398s
 168370 89330 infeasible  100       700.00000  300.00000  57.1%   143 1406s
 168478 89391  300.00000   91  222  700.00000  300.00000  57.1%   143 1411s
 168649 89414  500.00000  101  232  700.00000  300.00000  57.1%   143 1424s
 168738 89449  500.00000  106  171  700.00000  300.00000  57.1%   143 1430s
 168855 89483  300.00000  114  306  700.00000  300.00000  57.1%   143 1436s
 168989 90163  300.00000  124  251  700.00000  300.00000  57.1%   143 1478s
 171035 90499  500.00000   93  259  700.00000  300.00000  57.1%   144 1497s
 171951 90503 infeasible  115       700.00000  300.00000  57.1%   144 1523s
 172025 90977  500.00000   87  270  700.00000  300.00000  57.1%   144 1548s
 173311 91277  300.00000  104  209  700.00000  300.00000  57.1%   145 1566s
 174381 91623 infeasible  101       700.00000  300.00000  57.1%   145 1582s
 175365 91911  500.00000   97  172  700.00000  300.00000  57.1%   146 1599s
 176159 92042 infeasible  100       700.00000  300.00000  57.1%   146 1624s
 176496 92312  500.00000   89  255  700.00000  300.00000  57.1%   146 1642s
 177406 92551  500.00000  106  350  700.00000  300.00000  57.1%   147 1659s
 178255 92962  500.00000   92  304  700.00000  300.00000  57.1%   147 1678s
 179313 93276  500.00000  114  290  700.00000  300.00000  57.1%   148 1696s
 180235 93499 infeasible   98       700.00000  300.00000  57.1%   148 1714s
 181111 93782  500.00000  121  267  700.00000  300.00000  57.1%   148 1731s
 182083 93827 infeasible  116       700.00000  300.00000  57.1%   149 1738s
 182296 94133  500.00000  129  289  700.00000  300.00000  57.1%   149 1766s
 183610 94275 infeasible  121       700.00000  300.00000  57.1%   150 1786s
 184374 94442 infeasible  137       700.00000  300.00000  57.1%   150 1808s
 185015 94699  500.00000  122  337  700.00000  300.00000  57.1%   150 1830s
 186427 94889  300.00000  118  218  700.00000  300.00000  57.1%   151 1849s
 187434 95023  500.00000  133  278  700.00000  300.00000  57.1%   152 1868s
 188300 95263  500.00000  132  247  700.00000  300.00000  57.1%   152 1888s
 189356 95441  500.00000  117  233  700.00000  300.00000  57.1%   152 1906s
 190266 95685 infeasible   92       700.00000  300.00000  57.1%   153 1925s
 191208 95842 infeasible  127       700.00000  300.00000  57.1%   153 1943s
 192108 96028  300.00000  115  213  700.00000  300.00000  57.1%   154 1962s
 193239 96077  300.00000  148  218  700.00000  300.00000  57.1%   154 1982s
 193536 96256  300.00000  148  254  700.00000  300.00000  57.1%   154 2000s
 194829 96285  500.00000  126  293  700.00000  300.00000  57.1%   155 2008s
 195191 96440  300.00000  113  274  700.00000  300.00000  57.1%   155 2026s
 195972 96665 infeasible  131       700.00000  300.00000  57.1%   155 2046s
 197064 96678 infeasible  124       700.00000  300.00000  57.1%   156 2078s
 197099 96716  300.00000  124  269  700.00000  300.00000  57.1%   156 2098s
 197277 97020  300.00000  129  217  700.00000  300.00000  57.1%   156 2120s
 198703 97137 infeasible  130       700.00000  300.00000  57.1%   157 2139s
 199673 97321 infeasible  135       700.00000  300.00000  57.1%   158 2157s
 200640 97495 infeasible  126       700.00000  300.00000  57.1%   158 2176s
 201523 97621 infeasible  134       700.00000  300.00000  57.1%   159 2193s
 202533 97779  500.00000  112  244  700.00000  300.00000  57.1%   159 2212s
 203423 97837 infeasible  128       700.00000  300.00000  57.1%   160 2229s
 204265 98008 infeasible  124       700.00000  300.00000  57.1%   161 2247s
 205046 98075  300.00000  124  232  700.00000  300.00000  57.1%   161 2265s
 205894 98526  500.00000  119  235  700.00000  300.00000  57.1%   162 2289s
 207190 98635 infeasible  120       700.00000  300.00000  57.1%   162 2306s
 208050 98630 infeasible  127       700.00000  300.00000  57.1%   163 2315s
 208468 98779 infeasible  125       700.00000  300.00000  57.1%   163 2332s
 209136 98895  500.00000  111  292  700.00000  300.00000  57.1%   163 2353s
 210271 99227  500.00000  113  260  700.00000  300.00000  57.1%   164 2370s
 211594 99241 infeasible  120       700.00000  300.00000  57.1%   165 2387s
 212157 99350 infeasible  127       700.00000  300.00000  57.1%   165 2404s
 213036 99451 infeasible  118       700.00000  300.00000  57.1%   166 2422s
 213671 99586  500.00000  114  212  700.00000  300.00000  57.1%   166 2440s
 214413 100182  500.00000  124  352  700.00000  300.00000  57.1%   167 2458s
 216490 100213 infeasible  116       700.00000  300.00000  57.1%   167 2473s
 216813 100318  300.00000  109  321  700.00000  300.00000  57.1%   168 2488s
 217384 100404 infeasible  110       700.00000  300.00000  57.1%   168 2506s
 217912 100456  300.00000  117  505  700.00000  300.00000  57.1%   169 2522s
H218231 100147                     550.0000000  300.00000  45.5%   169 2522s
 218406 100215  500.00000  130  266  550.00000  300.00000  45.5%   169 2540s
 219000 100366  500.00000  101  281  550.00000  300.00000  45.5%   170 2564s
 219681 100436  300.00000  103  256  550.00000  300.00000  45.5%   170 2583s
 220115 100547  500.00000  110  235  550.00000  300.00000  45.5%   171 2602s
 220780 100605  500.00000  115  252  550.00000  300.00000  45.5%   172 2612s
 221200 100808  300.00000  114  182  550.00000  300.00000  45.5%   172 2634s
 222087 101108  300.00000  116  253  550.00000  300.00000  45.5%   173 2653s
 223203 101168 infeasible  116       550.00000  300.00000  45.5%   173 2673s
 223773 101221 infeasible  111       550.00000  300.00000  45.5%   174 2695s
 224318 101314 infeasible  119       550.00000  300.00000  45.5%   174 2720s
 225041 101524  500.00000  110  221  550.00000  300.00000  45.5%   175 2744s
 226079 101743  500.00000  116  293  550.00000  300.00000  45.5%   176 2779s
 226628 101889 infeasible  133       550.00000  300.00000  45.5%   176 2802s
 227705 101932  300.00000  123  213  550.00000  300.00000  45.5%   177 2828s
 228642 102087 infeasible  114       550.00000  300.00000  45.5%   178 2855s
 229717 104386  300.00000  132  238  550.00000  300.00000  45.5%   179 2875s
 235509 104363 infeasible  140       550.00000  300.00000  45.5%   178 2891s
 235618 104936 infeasible  119       550.00000  300.00000  45.5%   178 3014s
 241243 106578  300.00000  124  214  550.00000  300.00000  45.5%   182 3031s
 245603 107677 infeasible  147       550.00000  300.00000  45.5%   181 3039s
 248562 108008  300.00000  132  174  550.00000  300.00000  45.5%   180 3050s
 249455 108293  500.00000  141  261  550.00000  300.00000  45.5%   180 3060s
 250473 108248 infeasible  141       550.00000  300.00000  45.5%   179 3076s
 250954 108286  500.00000  121  279  550.00000  300.00000  45.5%   180 3089s
 251142 108253 infeasible  122       550.00000  300.00000  45.5%   180 3104s

Cutting planes:
  Learned: 13
  Gomory: 4
  Cover: 156
  Implied bound: 1
  Clique: 13
  MIR: 2
  Flow cover: 373
  Zero half: 9
  RLT: 2
  Relax-and-lift: 2
  BQP: 3

Explored 251855 nodes (45727970 simplex iterations) in 3104.69 seconds (2755.88 work units)
Thread count was 12 (of 12 available processors)

Solution count 2: 550 700 

Solve interrupted
Best objective 5.500000000000e+02, best bound 3.000000000000e+02, gap 45.4545%

User-callback calls 1723312, time in user-callback 13.11 sec

Gurobi 11.0.0 (mac64[x86]) logging started Wed Feb 12 19:15:17 2025

Set parameter LogFile to value "2D_BPP.log"
Set parameter Method to value 2
Gurobi Optimizer version 11.0.0 build v11.0.0rc2 (mac64[x86] - Darwin 24.2.0 24C101)

CPU model: Intel(R) Core(TM) i7-9750H CPU @ 2.60GHz
Thread count: 6 physical cores, 12 logical processors, using up to 12 threads

Optimize a model with 26304 rows, 7237 columns and 82479 nonzeros
Model fingerprint: 0x40ac1150
Model has 4 quadratic constraints
Variable types: 725 continuous, 6512 integer (6512 binary)
Coefficient statistics:
  Matrix range     [2e-01, 5e+04]
  QMatrix range    [1e+00, 1e+00]
  Objective range  [2e+02, 2e+02]
  Bounds range     [1e+00, 1e+00]
  RHS range        [1e+00, 2e+04]
Presolve removed 9815 rows and 1933 columns
Presolve time: 0.21s
Presolved: 16489 rows, 5304 columns, 58650 nonzeros
Variable types: 686 continuous, 4618 integer (4618 binary)
Root barrier log...

Ordering time: 0.04s

Barrier statistics:
 Dense cols : 197
 AA' NZ     : 1.721e+05
 Factor NZ  : 5.633e+05 (roughly 13 MB of memory)
 Factor Ops : 6.351e+07 (less than 1 second per iteration)
 Threads    : 5

                  Objective                Residual
Iter       Primal          Dual         Primal    Dual     Compl     Time
   0   4.43284217e+02 -5.58105400e+04  5.52e+02 2.81e-03  4.93e+01     0s
   1   8.72426628e+02 -8.26145758e+04  1.58e+02 1.88e-01  2.33e+01     1s
   2   6.66787162e+02 -6.56997266e+04  2.13e+01 1.74e-01  4.40e+00     1s
   3   6.12348461e+02 -3.35430590e+04  2.26e+00 5.17e-02  1.39e+00     1s
   4   3.86514057e+02 -5.90459627e+03  4.01e-01 2.11e-02  2.41e-01     1s
   5   3.33950445e+02 -1.75229025e+02  1.04e-01 2.00e-03  1.92e-02     1s
   6   3.04062554e+02  2.01037487e+02  1.37e-02 9.28e-03  3.81e-03     1s
   7   3.03419106e+02  2.92973485e+02  1.15e-02 1.52e-03  3.90e-04     1s
   8   3.00405299e+02  2.99138604e+02  6.98e-04 6.18e-04  4.59e-05     1s
   9   3.00401187e+02  2.99123364e+02  6.91e-04 1.74e-03  4.56e-05     1s
  10   3.00050132e+02  2.99344069e+02  8.60e-05 1.28e-03  2.45e-05     1s
  11   3.00000381e+02  2.99948344e+02  6.54e-07 1.54e-04  2.64e-06     1s
  12   3.00000375e+02  2.99956793e+02  6.44e-07 2.02e-04  2.62e-06     1s
  13   3.00000375e+02  2.99977412e+02  6.44e-07 4.00e-04  2.62e-06     1s
  14   3.00000374e+02  2.99935513e+02  6.39e-07 2.68e-04  2.62e-06     1s
  15   3.00000373e+02  2.99936493e+02  6.33e-07 3.21e-04  2.62e-06     1s
  16   3.00000018e+02  2.99973872e+02  3.11e-08 2.01e-04  1.49e-06     1s
  17   3.00000009e+02  2.99987780e+02  1.56e-08 1.75e-04  1.21e-06     1s
  18   3.00000000e+02  3.00005490e+02  1.97e-10 8.44e-05  4.83e-08     1s
  19   3.00000000e+02  3.00005451e+02  9.91e-11 6.19e-05  3.53e-08     1s
  20   3.00000000e+02  3.00002022e+02  4.96e-11 4.97e-05  2.84e-08     1s
  21   3.00000000e+02  3.00001702e+02  2.51e-11 3.53e-05  1.47e-08     1s
  22   3.00000000e+02  3.00006059e+02  1.29e-11 4.61e-05  1.07e-08     1s
  23   3.00000000e+02  2.99999985e+02  2.42e-13 4.74e-07  4.10e-12     1s
  24   3.00000000e+02  3.00000000e+02  2.71e-12 7.79e-11  2.77e-17     1s

Barrier solved model in 24 iterations and 0.81 seconds (0.64 work units)
Optimal objective 3.00000000e+02


Root relaxation: objective 3.000000e+02, 2711 iterations, 0.53 seconds (0.35 work units)

    Nodes    |    Current Node    |     Objective Bounds      |     Work
 Expl Unexpl |  Obj  Depth IntInf | Incumbent    BestBd   Gap | It/Node Time

     0     0  300.00000    0  145          -  300.00000      -     -    1s
     0     0  300.00000    0  243          -  300.00000      -     -    2s
     0     0  300.00000    0  315          -  300.00000      -     -    2s
     0     0  300.00000    0  137          -  300.00000      -     -    3s
     0     0  300.00000    0  329          -  300.00000      -     -    3s
     0     0  300.00000    0  186          -  300.00000      -     -    4s
     0     0  300.00000    0  301          -  300.00000      -     -    4s
     0     0  300.00000    0  211          -  300.00000      -     -    5s
     0     0  300.00000    0  368          -  300.00000      -     -    5s
     0     0  300.00000    0  118          -  300.00000      -     -    6s
     0     0  300.00000    0  332          -  300.00000      -     -    6s
     0     0  300.00000    0  229          -  300.00000      -     -    7s
     0     0  300.00000    0  170          -  300.00000      -     -    8s
     0     2  300.00000    0  159          -  300.00000      -     -   10s
   378   483  350.00000   51  304          -  300.00000      -   238   15s
   824  1029  300.00000   31  524          -  300.00000      -   226   20s
  2039  1456  500.00000   51   62          -  300.00000      -   146   25s
  2046  1461  300.00000    6  165          -  300.00000      -   145   30s
  2050  1464  300.00000   92  156          -  300.00000      -   145   35s
  2056  1468  300.00000   58  189          -  300.00000      -   145   41s
  2060  1470  300.00000   25  156          -  300.00000      -   144   46s
  2164  1574  350.00000   23  320          -  300.00000      -  69.9   50s
  2433  1779  300.00000   17  557          -  300.00000      -   112   57s
  2568  1932  300.00000   23  286          -  300.00000      -   134   62s
  2780  1982  300.00000   44  254          -  300.00000      -   159   73s
  2935  2295  300.00000   62  197          -  300.00000      -   168   80s
  3421  2493  300.00000   38  229          -  300.00000      -   184   87s
  3921  2660  300.00000   65  275          -  300.00000      -   195   93s
  4399  3657  300.00000   63  204          -  300.00000      -   198   99s
  6260  3143 infeasible  119               -  300.00000      -   181  103s
  6520  3213  300.00000   77  133          -  300.00000      -   185  107s
  6761  4066  500.00000  101  463          -  300.00000      -   188  111s
  8350  4141 infeasible   82               -  300.00000      -   174  115s
 10691  5214 infeasible  110               -  300.00000      -   158  122s
 10953  5482  500.00000   99  288          -  300.00000      -   159  125s
 12836  6117 infeasible  113               -  300.00000      -   153  135s
 13245  7600  314.09724  111  282          -  300.00000      -   155  145s
 16784  7933 infeasible  112               -  300.00000      -   149  151s
 17073  8702  500.00000  117  390          -  300.00000      -   150  155s
 18760  9536  300.00000  119  256          -  300.00000      -   148  162s
 19844  9690 infeasible  145               -  300.00000      -   148  165s
 21835 10548 infeasible  142               -  300.00000      -   144  172s
 22037 10603 infeasible  113               -  300.00000      -   146  175s
 22441 11523  308.06667  113  281          -  300.00000      -   151  182s
 23851 11630 infeasible   91               -  300.00000      -   149  186s
 24074 12305  300.00000  100  261          -  300.00000      -   151  190s
 25373 12311 infeasible  138               -  300.00000      -   149  249s
 25435 13499 infeasible  112               -  300.00000      -   150  361s
 31441 14805  300.00000  107  281          -  300.00000      -   198  377s
 34525 17089  301.33333  113  160          -  300.00000      -   189  387s
 39461 18622  301.33333  133  220          -  300.00000      -   177  395s
 45016 19587 infeasible  171               -  300.00000      -   165  400s
 47947 20446  300.00000  142  170          -  300.00000      -   159  405s
 50098 20701 infeasible  193               -  300.00000      -   156  411s
 50506 21488  300.00000  119  313          -  300.00000      -   157  416s
 52055 22421 infeasible  132               -  300.00000      -   157  425s
 52540 25258  300.00000  124  350          -  300.00000      -   157  435s
 56799 25395  500.00000  124  276          -  300.00000      -   155  440s
 57079 25731  305.70605  113  320          -  300.00000      -   156  446s
 57772 26967  300.00000  118  198          -  300.00000      -   157  453s
 59354 27045 infeasible  167               -  300.00000      -   155  456s
 60810 27934  300.00000   92  235          -  300.00000      -   155  471s
 61131 28172 infeasible  112               -  300.00000      -   155  477s
 61336 28970  300.00000  106  298          -  300.00000      -   155  480s
 62669 29448  302.96731  100  221          -  300.00000      -   155  487s
 63341 29490 infeasible  141               -  300.00000      -   156  490s
 63770 30367  500.00000  134  254          -  300.00000      -   157  498s
 65075 30373 infeasible  122               -  300.00000      -   157  503s
 65403 31599  500.00000  112  261          -  300.00000      -   158  518s
 68146 31751 infeasible  115               -  300.00000      -   159  524s
 68400 31968  300.00000  133  328          -  300.00000      -   161  530s
 68671 32369  322.02736  143  254          -  300.00000      -   163  537s
 69156 33886  300.00000   82  221          -  300.00000      -   164  545s
 71571 34260  300.00000   61  288          -  300.00000      -   164  550s
 72079 35683  300.00000  112  299          -  300.00000      -   164  556s
 74127 35935 infeasible  111               -  300.00000      -   164  560s
 74463 37261  300.00000   95  313          -  300.00000      -   164  565s
 76288 37354  302.15054  100  385          -  300.00000      -   164  570s
 76764 38909  300.00000   63  151          -  300.00000      -   165  578s
 78716 39063 infeasible  103               -  300.00000      -   164  584s
 79016 41268  300.00000   95  309          -  300.00000      -   165  601s
 82466 41459  305.80645  112  375          -  300.00000      -   165  606s
 82895 41481  500.00000  127  345          -  300.00000      -   166  622s
 82917 41781 infeasible  130               -  300.00000      -   166  628s
 83341 41948 infeasible  101               -  300.00000      -   166  633s
 83700 42184 infeasible  105               -  300.00000      -   167  639s
 84138 44529  300.00000  103  270          -  300.00000      -   167  646s
 87852 44589 infeasible  112               -  300.00000      -   164  650s
 88327 46220  300.00000   84  165          -  300.00000      -   165  658s
 90841 46320 infeasible  122               -  300.00000      -   163  661s
 91051 46513 infeasible  104               -  300.00000      -   163  665s
 91492 47350  300.00000  101  400          -  300.00000      -   163  671s
 92767 47536 infeasible  100               -  300.00000      -   163  675s
 93176 49492  300.00000   86  138          -  300.00000      -   163  680s
 96825 50557  300.00000   84  178          -  300.00000      -   161  687s
 98417 50708  300.00000   97  180          -  300.00000      -   160  692s
 99880 51559 infeasible  144               -  300.00000      -   159  696s
 101236 52386  300.00000  103  204          -  300.00000      -   158  701s
 101661 53202  300.00000   83  334          -  300.00000      -   159  706s
 102922 54134  500.00000  100  283          -  300.00000      -   158  711s
 104179 54263 infeasible  122               -  300.00000      -   157  716s
 104482 57817  300.00000  102  309          -  300.00000      -   158  730s
 110525 58032  300.00000  100  233          -  300.00000      -   155  735s
 110926 58252  500.00000  104  235          -  300.00000      -   155  740s
 112797 59304 infeasible  134               -  300.00000      -   154  745s
 114287 60198 infeasible  110               -  300.00000      -   153  750s
 116266 62112  500.00000   92  218          -  300.00000      -   152  757s
 117631 62337 infeasible  147               -  300.00000      -   152  762s
 118010 65840  300.00000   93  292          -  300.00000      -   152  773s
 123942 65888 infeasible  118               -  300.00000      -   149  775s
 124307 66060 infeasible  119               -  300.00000      -   149  782s
 124598 66769  500.00000   94  233          -  300.00000      -   150  786s
 125779 67504  500.00000   99  190          -  300.00000      -   150  791s
 127032 68233  500.00000  113  229          -  300.00000      -   149  795s
 128212 69067  307.09282  104  285          -  300.00000      -   149  800s
 129425 69771  500.00000  110  297          -  300.00000      -   149  805s
 130552 69948 infeasible  163               -  300.00000      -   149  810s
 130931 73654  300.00000  110  441          -  300.00000      -   149  821s
 137073 73802 infeasible  111               -  300.00000      -   147  825s
 137506 74033  300.00000  107  201          -  300.00000      -   147  832s
 137823 74852  300.00000  113  212          -  300.00000      -   147  836s
 139275 75660  300.00000  108  317          -  300.00000      -   147  841s
 140603 76516  300.00000  103  256          -  300.00000      -   147  846s
 142206 77255  500.00000  112  250          -  300.00000      -   146  851s
 143434 77384  300.00000  116  266          -  300.00000      -   145  856s
 143749 80374  300.00000  108  419          -  300.00000      -   146  868s
 149082 80400  300.00000  101  240          -  300.00000      -   144  871s
 149409 80534 infeasible   96               -  300.00000      -   145  876s
 149747 80669  300.00000  108  202          -  300.00000      -   145  881s
 151537 81694 infeasible  121               -  300.00000      -   145  887s
 151777 82641  300.00000  125  215          -  300.00000      -   145  890s
 154170 83260  300.00000  105  199          -  300.00000      -   144  897s
 154614 83465  500.00000  108  275          -  300.00000      -   144  900s
 156258 84505 infeasible  124               -  300.00000      -   144  907s
 156646 84517  300.00000  113  240          -  300.00000      -   144  925s
 156658 85083  300.00000  114  243          -  300.00000      -   144  937s
*157283 84230             149     700.0000000  300.00000  57.1%   145  937s
 157780 84509  500.00000  121  323  700.00000  300.00000  57.1%   145  948s
 158668 87526  500.00000   89  355  700.00000  300.00000  57.1%   145  958s
 164292 87636 infeasible   73       700.00000  300.00000  57.1%   143  961s
 164855 87783  500.00000  120  225  700.00000  300.00000  57.1%   143  967s
 165167 88141  500.00000   72  209  700.00000  300.00000  57.1%   143  970s
 166216 89091  500.00000  110  400  700.00000  300.00000  57.1%   143  977s
 167705 89077 infeasible  137       700.00000  300.00000  57.1%   143  983s
 167735 89134  500.00000  111  200  700.00000  300.00000  57.1%   143  989s
 167898 89202  300.00000   93  196  700.00000  300.00000  57.1%   143  999s
 168072 89266  300.00000  103  316  700.00000  300.00000  57.1%   143 1006s
 168244 89328 infeasible  103       700.00000  300.00000  57.1%   143 1026s
 168370 89330 infeasible  100       700.00000  300.00000  57.1%   143 1034s
 168478 89391  300.00000   91  222  700.00000  300.00000  57.1%   143 1039s
 168649 89414  500.00000  101  232  700.00000  300.00000  57.1%   143 1051s
 168738 89449  500.00000  106  171  700.00000  300.00000  57.1%   143 1057s
 168855 89483  300.00000  114  306  700.00000  300.00000  57.1%   143 1063s
 168989 90163  300.00000  124  251  700.00000  300.00000  57.1%   143 1100s
 171035 90499  500.00000   93  259  700.00000  300.00000  57.1%   144 1118s
 171951 90503 infeasible  115       700.00000  300.00000  57.1%   144 1137s
 172025 90977  500.00000   87  270  700.00000  300.00000  57.1%   144 1155s
 173311 91277  300.00000  104  209  700.00000  300.00000  57.1%   145 1171s
 174381 91623 infeasible  101       700.00000  300.00000  57.1%   145 1187s
 175365 91911  500.00000   97  172  700.00000  300.00000  57.1%   146 1203s
 176159 92042 infeasible  100       700.00000  300.00000  57.1%   146 1226s
 176496 92312  500.00000   89  255  700.00000  300.00000  57.1%   146 1243s
 177406 92551  500.00000  106  350  700.00000  300.00000  57.1%   147 1260s
 178255 92962  500.00000   92  304  700.00000  300.00000  57.1%   147 1277s
 179313 93276  500.00000  114  290  700.00000  300.00000  57.1%   148 1295s
 180235 93499 infeasible   98       700.00000  300.00000  57.1%   148 1311s
 181111 93782  500.00000  121  267  700.00000  300.00000  57.1%   148 1328s
 182083 93827 infeasible  116       700.00000  300.00000  57.1%   149 1334s
 182296 94133  500.00000  129  289  700.00000  300.00000  57.1%   149 1359s
 183610 94275 infeasible  121       700.00000  300.00000  57.1%   150 1377s
 184374 94442 infeasible  137       700.00000  300.00000  57.1%   150 1398s
 185015 94699  500.00000  122  337  700.00000  300.00000  57.1%   150 1419s
 186427 94889  300.00000  118  218  700.00000  300.00000  57.1%   151 1436s
 187434 95023  500.00000  133  278  700.00000  300.00000  57.1%   152 1453s
 188300 95263  500.00000  132  247  700.00000  300.00000  57.1%   152 1471s
 189356 95441  500.00000  117  233  700.00000  300.00000  57.1%   152 1488s
 190266 95685 infeasible   92       700.00000  300.00000  57.1%   153 1505s
 191208 95842 infeasible  127       700.00000  300.00000  57.1%   153 1522s
 192108 96028  300.00000  115  213  700.00000  300.00000  57.1%   154 1539s
 193239 96077  300.00000  148  218  700.00000  300.00000  57.1%   154 1558s
 193536 96256  300.00000  148  254  700.00000  300.00000  57.1%   154 1575s
 194829 96285  500.00000  126  293  700.00000  300.00000  57.1%   155 1582s
 195191 96440  300.00000  113  274  700.00000  300.00000  57.1%   155 1599s
 195972 96665 infeasible  131       700.00000  300.00000  57.1%   155 1618s
 197064 96678 infeasible  124       700.00000  300.00000  57.1%   156 1647s
 197099 96716  300.00000  124  269  700.00000  300.00000  57.1%   156 1667s
 197277 97020  300.00000  129  217  700.00000  300.00000  57.1%   156 1687s
 198703 97137 infeasible  130       700.00000  300.00000  57.1%   157 1704s
 199673 97321 infeasible  135       700.00000  300.00000  57.1%   158 1721s
 200640 97495 infeasible  126       700.00000  300.00000  57.1%   158 1738s
 201523 97621 infeasible  134       700.00000  300.00000  57.1%   159 1755s
 202533 97779  500.00000  112  244  700.00000  300.00000  57.1%   159 1772s
 203423 97837 infeasible  128       700.00000  300.00000  57.1%   160 1788s
 204265 98008 infeasible  124       700.00000  300.00000  57.1%   161 1804s
 205046 98075  300.00000  124  232  700.00000  300.00000  57.1%   161 1821s
 205894 98526  500.00000  119  235  700.00000  300.00000  57.1%   162 1844s
 207190 98635 infeasible  120       700.00000  300.00000  57.1%   162 1860s
 208050 98630 infeasible  127       700.00000  300.00000  57.1%   163 1868s
 208468 98779 infeasible  125       700.00000  300.00000  57.1%   163 1884s
 209136 98895  500.00000  111  292  700.00000  300.00000  57.1%   163 1904s
 210271 99227  500.00000  113  260  700.00000  300.00000  57.1%   164 1921s
 211594 99241 infeasible  120       700.00000  300.00000  57.1%   165 1936s
 212157 99350 infeasible  127       700.00000  300.00000  57.1%   165 1953s
 213036 99451 infeasible  118       700.00000  300.00000  57.1%   166 1969s
 213671 99586  500.00000  114  212  700.00000  300.00000  57.1%   166 1986s
 214413 100182  500.00000  124  352  700.00000  300.00000  57.1%   167 2003s
 216490 100213 infeasible  116       700.00000  300.00000  57.1%   167 2017s
 216813 100318  300.00000  109  321  700.00000  300.00000  57.1%   168 2032s
 217384 100404 infeasible  110       700.00000  300.00000  57.1%   168 2048s
 217912 100456  300.00000  117  505  700.00000  300.00000  57.1%   169 2063s
H218231 100147                     550.0000000  300.00000  45.5%   169 2063s
 218406 100215  500.00000  130  266  550.00000  300.00000  45.5%   169 2079s
 219000 100366  500.00000  101  281  550.00000  300.00000  45.5%   170 2097s
 219681 100436  300.00000  103  256  550.00000  300.00000  45.5%   170 2112s
 220115 100547  500.00000  110  235  550.00000  300.00000  45.5%   171 2131s
 220780 100605  500.00000  115  252  550.00000  300.00000  45.5%   172 2140s
 221200 100808  300.00000  114  182  550.00000  300.00000  45.5%   172 2158s
 222087 101108  300.00000  116  253  550.00000  300.00000  45.5%   173 2174s
 222924 101108  300.00000  126  339  550.00000  300.00000  45.5%   173 2175s
 223203 101168 infeasible  116       550.00000  300.00000  45.5%   173 2191s
 223773 101221 infeasible  111       550.00000  300.00000  45.5%   174 2210s
 224318 101314 infeasible  119       550.00000  300.00000  45.5%   174 2230s
 225041 101524  500.00000  110  221  550.00000  300.00000  45.5%   175 2249s
 226079 101743  500.00000  116  293  550.00000  300.00000  45.5%   176 2279s
 226628 101889 infeasible  133       550.00000  300.00000  45.5%   176 2300s
 227705 101932  300.00000  123  213  550.00000  300.00000  45.5%   177 2320s
 228642 102087 infeasible  114       550.00000  300.00000  45.5%   178 2340s
 229717 104386  300.00000  132  238  550.00000  300.00000  45.5%   179 2358s
 235509 104363 infeasible  140       550.00000  300.00000  45.5%   178 2374s
 235618 104936 infeasible  119       550.00000  300.00000  45.5%   178 2483s
 241243 106578  300.00000  124  214  550.00000  300.00000  45.5%   182 2500s
 245603 107677 infeasible  147       550.00000  300.00000  45.5%   181 2508s
 248562 108008  300.00000  132  174  550.00000  300.00000  45.5%   180 2518s
 249455 108293  500.00000  141  261  550.00000  300.00000  45.5%   180 2527s
 250473 108248 infeasible  141       550.00000  300.00000  45.5%   179 2540s
 250954 108286  500.00000  121  279  550.00000  300.00000  45.5%   180 2552s
 251142 108253 infeasible  122       550.00000  300.00000  45.5%   180 2564s
 251849 108301  300.00000  114  377  550.00000  300.00000  45.5%   180 2579s
 252117 108444  300.00000  111  267  550.00000  300.00000  45.5%   180 2594s
 252916 108699  300.00000   89  280  550.00000  300.00000  45.5%   181 2609s
 253970 110850  300.00000  109  438  550.00000  300.00000  45.5%   181 2621s
 259683 110784 infeasible  144       550.00000  300.00000  45.5%   179 2627s
 260021 110862 infeasible  103       550.00000  300.00000  45.5%   179 2632s
 260375 110885 infeasible  112       550.00000  300.00000  45.5%   180 2640s
 260584 110933  300.00000   87  211  550.00000  300.00000  45.5%   180 2646s
 260948 111832  300.00000  102  234  550.00000  300.00000  45.5%   180 2651s
 263004 111857 infeasible  129       550.00000  300.00000  45.5%   179 2660s
 263539 112030  300.00000  121  274  550.00000  300.00000  45.5%   180 2677s
 264519 112127 infeasible  101       550.00000  300.00000  45.5%   180 2691s
 265156 112295 infeasible  110       550.00000  300.00000  45.5%   180 2709s
 266214 114332  300.00000  112  257  550.00000  300.00000  45.5%   181 2723s
 271551 114259 infeasible  144       550.00000  300.00000  45.5%   179 2727s
 271870 114295  500.00000   97  392  550.00000  300.00000  45.5%   179 2732s
 272120 114319  316.17216  125  371  550.00000  300.00000  45.5%   179 2741s
 272220 114425  500.00000  126  358  550.00000  300.00000  45.5%   179 2745s
 272559 114699  300.00000   53  231  550.00000  300.00000  45.5%   179 2751s
 272912 115050  500.00000   77  284  550.00000  300.00000  45.5%   180 2758s
 273390 115341  300.00000   55  202  550.00000  300.00000  45.5%   179 2763s
 273819 116033  302.63625  100  227  550.00000  300.00000  45.5%   179 2769s
 275024 116072  500.00000   97  263  550.00000  300.00000  45.5%   179 2781s
 275119 116435  500.00000  101  237  550.00000  300.00000  45.5%   179 2786s
 275638 116889  500.00000   63  384  550.00000  300.00000  45.5%   179 2796s
 276371 119884  300.00000   95  234  550.00000  300.00000  45.5%   179 2807s
 281340 119896 infeasible  125       550.00000  300.00000  45.5%   178 2813s
 281410 120004 infeasible  126       550.00000  300.00000  45.5%   178 2815s
 281882 120161 infeasible   93       550.00000  300.00000  45.5%   178 2823s
 281930 120273  500.00000   94  306  550.00000  300.00000  45.5%   178 2826s
H282230 66842                     500.0000000  300.00000  40.0%   178 2830s
 283512 67122 infeasible  116       500.00000  300.00000  40.0%   178 2838s
 283603 67161     cutoff  113       500.00000  300.00000  40.0%   178 2843s
 283726 67233  300.00000   93  193  500.00000  300.00000  40.0%   178 2847s
 284009 67245 infeasible  110       500.00000  300.00000  40.0%   178 2850s
 284261 67288  300.00000  113  293  500.00000  300.00000  40.0%   178 2855s
 285038 67640  300.00000   89  362  500.00000  300.00000  40.0%   178 2864s
 287352 67608 infeasible  103       500.00000  300.00000  40.0%   177 2867s
 287629 67630  300.00000  123  290  500.00000  300.00000  40.0%   177 2883s
 287715 67643  300.00000  128  281  500.00000  300.00000  40.0%   177 2886s
 287972 67674  300.00000  142  256  500.00000  300.00000  40.0%   177 2890s
 288258 67704 infeasible  100       500.00000  300.00000  40.0%   177 2900s
 288825 68373  300.00000  104  184  500.00000  300.00000  40.0%   178 2913s
 294622 68302     cutoff  105       500.00000  300.00000  40.0%   176 2916s
 295015 68314  303.29608  103  179  500.00000  300.00000  40.0%   176 2921s
 295395 68274  300.00000  102  298  500.00000  300.00000  40.0%   176 2927s
 295627 68318  300.00000   92  289  500.00000  300.00000  40.0%   176 2931s
 297104 68552 infeasible  138       500.00000  300.00000  40.0%   176 2937s
 297326 68572     cutoff  101       500.00000  300.00000  40.0%   176 2940s
 298319 68775 infeasible  143       500.00000  300.00000  40.0%   176 2947s
 298596 68797  300.00000   99  326  500.00000  300.00000  40.0%   176 2952s
 299128 68817     cutoff  100       500.00000  300.00000  40.0%   176 2956s
 299758 69037     cutoff  148       500.00000  300.00000  40.0%   176 2964s
 301695 69069 infeasible  136       500.00000  300.00000  40.0%   176 2973s
 302405 69296  311.61290  128  348  500.00000  300.00000  40.0%   176 2984s
 302705 69296 infeasible  108       500.00000  300.00000  40.0%   176 2985s
 304797 69290 infeasible  114       500.00000  300.00000  40.0%   176 2995s
 305308 69438 infeasible  141       500.00000  300.00000  40.0%   176 3003s
 307240 69473 infeasible  118       500.00000  300.00000  40.0%   175 3012s
 307407 69457 infeasible   96       500.00000  300.00000  40.0%   175 3018s
 307857 69466     cutoff  126       500.00000  300.00000  40.0%   176 3024s
 308309 69693  300.00000  118  259  500.00000  300.00000  40.0%   176 3036s
 310657 69669 infeasible  124       500.00000  300.00000  40.0%   175 3042s
 310769 69692  300.00000  116  315  500.00000  300.00000  40.0%   175 3048s
 311171 69705  300.00000  139  289  500.00000  300.00000  40.0%   175 3054s
 311614 69714 infeasible  121       500.00000  300.00000  40.0%   175 3060s
 312138 70086  317.28480  104  220  500.00000  300.00000  40.0%   175 3068s
 315177 70041 infeasible  155       500.00000  300.00000  40.0%   174 3076s
 315863 70768  300.00000  104  276  500.00000  300.00000  40.0%   175 3088s
 320616 70646 infeasible  157       500.00000  300.00000  40.0%   173 3092s
 320760 70645 infeasible  134       500.00000  300.00000  40.0%   174 3095s
 321164 70635     cutoff  108       500.00000  300.00000  40.0%   174 3144s
 321185 70682 infeasible  109       500.00000  300.00000  40.0%   174 3148s
 321451 70727 infeasible  122       500.00000  300.00000  40.0%   174 3151s
 321763 70869  300.00000  111  256  500.00000  300.00000  40.0%   174 3155s
 322511 71014 infeasible  118       500.00000  300.00000  40.0%   174 3163s
 322815 71005     cutoff  101       500.00000  300.00000  40.0%   174 3168s
 323121 71118     cutoff  108       500.00000  300.00000  40.0%   174 3172s
 323527 71177 infeasible  136       500.00000  300.00000  40.0%   174 3177s
 323894 71251  300.00000   95  261  500.00000  300.00000  40.0%   174 3182s
 324309 71312 infeasible   87       500.00000  300.00000  40.0%   174 3187s
 324849 71615  301.22396  101  316  500.00000  300.00000  40.0%   173 3193s
 327719 71673 infeasible  112       500.00000  300.00000  40.0%   173 3202s
 328571 72282  300.00000  118  264  500.00000  300.00000  40.0%   172 3213s
 334021 72284 infeasible  113       500.00000  300.00000  40.0%   171 3216s
 335576 72454 infeasible  153       500.00000  300.00000  40.0%   170 3220s
 336464 72756  300.00000  110  253  500.00000  300.00000  40.0%   170 3227s
 337668 72973  300.00000   93  172  500.00000  300.00000  40.0%   170 3232s
 339146 73183  323.94586  104  280  500.00000  300.00000  40.0%   170 3237s
 340319 73227 infeasible  115       500.00000  300.00000  40.0%   169 3245s
 341435 73721  300.00000   86  311  500.00000  300.00000  40.0%   169 3254s
 345528 73692     cutoff  100       500.00000  300.00000  40.0%   168 3256s
 345862 73738     cutoff  103       500.00000  300.00000  40.0%   168 3261s
 347230 74026 infeasible  106       500.00000  300.00000  40.0%   168 3266s
 348231 74211  300.00000   98  262  500.00000  300.00000  40.0%   168 3272s
 348385 74224 infeasible   96       500.00000  300.00000  40.0%   168 3275s
 349666 74409 infeasible  112       500.00000  300.00000  40.0%   168 3281s
 350011 74619     cutoff  107       500.00000  300.00000  40.0%   168 3287s
 351246 74601 infeasible  106       500.00000  300.00000  40.0%   168 3290s
 351673 74750  300.00000  129  315  500.00000  300.00000  40.0%   168 3296s
 353157 74723 infeasible  123       500.00000  300.00000  40.0%   168 3305s
 353746 75363  300.00000  135  222  500.00000  300.00000  40.0%   168 3319s
 359457 75347 infeasible  135       500.00000  300.00000  40.0%   167 3321s
 359811 75348     cutoff  132       500.00000  300.00000  40.0%   167 3327s
 360013 75363  300.00000  126  265  500.00000  300.00000  40.0%   167 3332s
 360239 75383 infeasible  118       500.00000  300.00000  40.0%   167 3335s
 361878 75820 infeasible  118       500.00000  300.00000  40.0%   167 3345s
 362158 76088 infeasible  118       500.00000  300.00000  40.0%   167 3350s
 363193 77244  300.00000   70  404  500.00000  300.00000  40.0%   166 3357s
 364962 77276     cutoff  131       500.00000  300.00000  40.0%   166 3362s
 365058 77457  300.00000   97  240  500.00000  300.00000  40.0%   166 3365s
 366823 78465     cutoff  113       500.00000  300.00000  40.0%   166 3376s
 367563 80747  300.00000  129  162  500.00000  300.00000  40.0%   166 3386s
 372938 80752     cutoff  124       500.00000  300.00000  40.0%   164 3391s
 373226 80878  300.00000  126  254  500.00000  300.00000  40.0%   164 3395s
 373740 81565  300.00000  136  208  500.00000  300.00000  40.0%   164 3400s
 374961 81584     cutoff  116       500.00000  300.00000  40.0%   164 3405s
 375455 82356  300.00000  142  205  500.00000  300.00000  40.0%   164 3410s
 377116 82542     cutoff  163       500.00000  300.00000  40.0%   164 3423s
 377470 82619     cutoff  119       500.00000  300.00000  40.0%   164 3426s
 378013 83363  300.00000  127  207  500.00000  300.00000  40.0%   164 3431s
 379578 83524 infeasible  144       500.00000  300.00000  40.0%   163 3440s
 380343 85763  300.00000  123  251  500.00000  300.00000  40.0%   163 3450s
 385900 85774 infeasible  102       500.00000  300.00000  40.0%   162 3459s
 385970 85813  300.00000  102  215  500.00000  300.00000  40.0%   162 3461s
 386398 85978  300.00000   92  192  500.00000  300.00000  40.0%   162 3465s
 388017 86695 infeasible  146       500.00000  300.00000  40.0%   162 3470s
 389778 87337     cutoff  139       500.00000  300.00000  40.0%   161 3480s
 390131 87409  300.00000  124  146  500.00000  300.00000  40.0%   161 3486s
 390513 88148  300.00000  139  291  500.00000  300.00000  40.0%   161 3491s
 392150 89866  300.00000  131  229  500.00000  300.00000  40.0%   161 3502s
 397302 89682  300.00000  163  232  500.00000  300.00000  40.0%   160 3505s
 397864 90039  315.55164  114  276  500.00000  300.00000  40.0%   160 3511s
 398762 90032 infeasible  136       500.00000  300.00000  40.0%   160 3516s
 399022 90096  300.00000  149  257  500.00000  300.00000  40.0%   160 3521s
 399235 90379  300.00000  123  176  500.00000  300.00000  40.0%   160 3527s
 400392 90434 infeasible  130       500.00000  300.00000  40.0%   160 3532s
 401805 90838  313.87097   93  331  500.00000  300.00000  40.0%   159 3537s
 402029 91059  300.00000  101  269  500.00000  300.00000  40.0%   159 3562s
 402628 91027 infeasible  154       500.00000  300.00000  40.0%   159 3569s
 402671 91064  300.00000   94  144  500.00000  300.00000  40.0%   159 3572s
 402923 91134  300.00000  110  287  500.00000  300.00000  40.0%   159 3575s
 403529 91286  300.00000  121  177  500.00000  300.00000  40.0%   159 3581s
 404108 91376 infeasible  114       500.00000  300.00000  40.0%   159 3588s
 404399 91422     cutoff  112       500.00000  300.00000  40.0%   159 3592s
 404699 91466 infeasible  128       500.00000  300.00000  40.0%   159 3601s
 405803 91940  300.00000  131  256  500.00000  300.00000  40.0%   159 3608s
 409740 91886 infeasible  156       500.00000  300.00000  40.0%   158 3610s
 410144 91918  300.00000  124  275  500.00000  300.00000  40.0%   158 3615s
 411781 92104 infeasible  133       500.00000  300.00000  40.0%   158 3621s
 412473 92236  300.00000  110  355  500.00000  300.00000  40.0%   158 3627s
 413202 92258     cutoff  131       500.00000  300.00000  40.0%   158 3630s
 414823 92491     cutoff  168       500.00000  300.00000  40.0%   158 3635s
 416296 92803 infeasible  135       500.00000  300.00000  40.0%   157 3641s
 417862 93009 infeasible  153       500.00000  300.00000  40.0%   157 3655s
 418494 93502  315.33333  137  254  500.00000  300.00000  40.0%   157 3667s
 423737 93476 infeasible  104       500.00000  300.00000  40.0%   156 3672s
 423938 93502 infeasible   93       500.00000  300.00000  40.0%   157 3677s
 424082 93520  300.00000  104  269  500.00000  300.00000  40.0%   157 3680s
 424365 93481  300.00000   94  474  500.00000  300.00000  40.0%   157 3686s
 424509 93490  300.00000   79  279  500.00000  300.00000  40.0%   157 3691s
 424918 93487 infeasible  102       500.00000  300.00000  40.0%   157 3695s
 425145 93651  300.00000   88  320  500.00000  300.00000  40.0%   157 3703s
 426184 93608     cutoff  137       500.00000  300.00000  40.0%   157 3706s
 426387 93643 infeasible   92       500.00000  300.00000  40.0%   157 3710s
 426765 93649     cutoff   92       500.00000  300.00000  40.0%   157 3717s
 426994 93761     cutoff   84       500.00000  300.00000  40.0%   157 3721s
 427748 93774  300.00000  110  297  500.00000  300.00000  40.0%   157 3728s
 427824 93822 infeasible  111       500.00000  300.00000  40.0%   157 3732s
 428102 93821 infeasible  121       500.00000  300.00000  40.0%   157 3739s
 428142 93933  300.00000  121  267  500.00000  300.00000  40.0%   157 3744s
 428438 93988  300.00000   72  303  500.00000  300.00000  40.0%   157 3748s
 428688 94047  300.00000   83  313  500.00000  300.00000  40.0%   157 3753s
 429037 94415  300.00000   98  288  500.00000  300.00000  40.0%   158 3757s
 431096 94391 infeasible   83       500.00000  300.00000  40.0%   157 3765s
 431407 94553  300.90985  112  331  500.00000  300.00000  40.0%   157 3788s
 433313 95198  300.00000   90  271  500.00000  300.00000  40.0%   158 3801s
 437197 95603  300.00000  123  185  500.00000  300.00000  40.0%   157 3806s
 439555 95553 infeasible  125       500.00000  300.00000  40.0%   157 3814s
 439645 95579  300.00000  118  352  500.00000  300.00000  40.0%   157 3817s
 439936 95660  300.00000  101  209  500.00000  300.00000  40.0%   157 3821s
 440291 95725  300.00000  105  222  500.00000  300.00000  40.0%   157 3825s
 442965 96141     cutoff  137       500.00000  300.00000  40.0%   156 3835s
 443318 96189 infeasible  117       500.00000  300.00000  40.0%   157 3843s
 443524 96285     cutoff  100       500.00000  300.00000  40.0%   157 3847s
 443855 96569  300.00000  104  281  500.00000  300.00000  40.0%   157 3855s
 445231 96638 infeasible  109       500.00000  300.00000  40.0%   156 3861s
 445693 96907  300.00000  116  275  500.00000  300.00000  40.0%   157 3867s
 448280 96970 infeasible  118       500.00000  300.00000  40.0%   156 3870s
 448621 96990  300.00000  127  237  500.00000  300.00000  40.0%   156 3879s
 448849 96999  300.00000  128  237  500.00000  300.00000  40.0%   156 3882s
 449255 97071  300.00000  132  264  500.00000  300.00000  40.0%   156 3887s
 449702 97278  300.00000  135  249  500.00000  300.00000  40.0%   156 3891s
 451065 97356 infeasible  136       500.00000  300.00000  40.0%   156 3895s
 451485 97477  300.00000  127  237  500.00000  300.00000  40.0%   156 3900s
 452209 97452     cutoff  119       500.00000  300.00000  40.0%   156 3936s
 452280 97524     cutoff  119       500.00000  300.00000  40.0%   156 3940s
 453098 97600  300.00000  124  231  500.00000  300.00000  40.0%   156 3950s
 453721 97660  300.00000  110  359  500.00000  300.00000  40.0%   156 3959s
 454157 97734  300.00000  126  228  500.00000  300.00000  40.0%   156 3964s
 454556 97772 infeasible  122       500.00000  300.00000  40.0%   156 3969s
 454943 97802     cutoff  116       500.00000  300.00000  40.0%   156 3974s
 455405 97866 infeasible  117       500.00000  300.00000  40.0%   156 3980s
 455878 97975  300.00000  146  256  500.00000  300.00000  40.0%   156 3986s
 456471 98424 infeasible  162       500.00000  300.00000  40.0%   156 3993s
 458583 98441     cutoff  146       500.00000  300.00000  40.0%   156 3997s
 458968 98459  300.00000  118  215  500.00000  300.00000  40.0%   156 4000s
 459308 98791  300.00000  127  253  500.00000  300.00000  40.0%   156 4005s
 461817 98993  300.00000  110  226  500.00000  300.00000  40.0%   156 4011s
 463359 99022     cutoff  107       500.00000  300.00000  40.0%   156 4017s
 463560 99215  300.00000  116  284  500.00000  300.00000  40.0%   156 4020s
 464999 99462     cutoff   92       500.00000  300.00000  40.0%   156 4026s
 466071 99437 infeasible  146       500.00000  300.00000  40.0%   156 4033s
 466157 99435 infeasible  111       500.00000  300.00000  40.0%   156 4036s
 466597 99472     cutoff  130       500.00000  300.00000  40.0%   156 4043s
 466824 99523  300.00000  140  309  500.00000  300.00000  40.0%   156 4046s
 467132 99641  304.92436  145  368  500.00000  300.00000  40.0%   156 4050s
 468908 99654  300.00000  131  266  500.00000  300.00000  40.0%   156 4057s
 469164 100040     cutoff  135       500.00000  300.00000  40.0%   156 4065s
 472252 100053  300.00000   84  196  500.00000  300.00000  40.0%   156 4071s
 472642 100171  300.00000  117  220  500.00000  300.00000  40.0%   156 4077s
 473253 100235  300.00000  118  348  500.00000  300.00000  40.0%   156 4080s
 474842 100473 infeasible  114       500.00000  300.00000  40.0%   156 4088s
 475061 100484  300.00000  108  292  500.00000  300.00000  40.0%   156 4091s
 475250 100515  300.00000  110  288  500.00000  300.00000  40.0%   156 4095s
 476774 100632     cutoff  104       500.00000  300.00000  40.0%   156 4120s
 477146 100783 infeasible  110       500.00000  300.00000  40.0%   156 4128s
 477406 100906 infeasible  112       500.00000  300.00000  40.0%   157 4132s
 477851 101038  300.00000   87  276  500.00000  300.00000  40.0%   157 4137s
 478172 101231  300.00000   88  287  500.00000  300.00000  40.0%   157 4141s
 478637 101409  300.00000   91  255  500.00000  300.00000  40.0%   157 4145s
 479235 101481     cutoff   97       500.00000  300.00000  40.0%   157 4151s
 479935 101580  300.00000   98  209  500.00000  300.00000  40.0%   157 4155s
 480330 102065  300.00000   83  244  500.00000  300.00000  40.0%   157 4160s
 482171 102157     cutoff  119       500.00000  300.00000  40.0%   157 4167s
 482702 102520  300.00000  104  361  500.00000  300.00000  40.0%   157 4181s
 485635 102492 infeasible  122       500.00000  300.00000  40.0%   156 4185s
 485948 102551 infeasible  112       500.00000  300.00000  40.0%   157 4190s
 486336 102584  300.00000  126  247  500.00000  300.00000  40.0%   157 4196s
 486786 102891  300.00000  110  212  500.00000  300.00000  40.0%   157 4202s
 488839 102919  300.00000   41  403  500.00000  300.00000  40.0%   157 4230s
 489086 102988  300.00000   42  181  500.00000  300.00000  40.0%   157 4235s
 489467 103019  300.00000   80  317  500.00000  300.00000  40.0%   157 4240s
 489824 103097  300.00000  115  250  500.00000  300.00000  40.0%   157 4245s
 490918 103189     cutoff  127       500.00000  300.00000  40.0%   157 4250s
 491317 103470  300.00000  127  272  500.00000  300.00000  40.0%   157 4256s
 493313 103620 infeasible  126       500.00000  300.00000  40.0%   157 4260s
 493770 104132  300.00000  110  279  500.00000  300.00000  40.0%   157 4266s
 495896 104317  300.00000   61  207  500.00000  300.00000  40.0%   156 4273s
 496596 104899  300.00000   91  336  500.00000  300.00000  40.0%   156 4283s
 500722 104957 infeasible  143       500.00000  300.00000  40.0%   156 4286s
 500917 104970     cutoff   83       500.00000  300.00000  40.0%   156 4294s
 500976 105026 infeasible   96       500.00000  300.00000  40.0%   156 4297s
 501180 105105  300.00000  100  336  500.00000  300.00000  40.0%   156 4300s
 501761 105513  300.00000  102  205  500.00000  300.00000  40.0%   156 4307s
 503500 105595  300.00000   88  305  500.00000  300.00000  40.0%   156 4310s
 505508 105787     cutoff  110       500.00000  300.00000  40.0%   155 4318s
 505811 105877  300.00000   98  286  500.00000  300.00000  40.0%   156 4322s
 507019 105953  300.00000  113  268  500.00000  300.00000  40.0%   155 4325s
 508629 106156 infeasible  123       500.00000  300.00000  40.0%   155 4348s
 508976 106286  300.00000   88  314  500.00000  300.00000  40.0%   155 4380s
 511577 106623  300.00000  112  304  500.00000  300.00000  40.0%   156 4393s
 517534 106821  300.00000  126  238  500.00000  300.00000  40.0%   155 4397s
 519395 106950  315.76288  110  324  500.00000  300.00000  40.0%   154 4401s
 520225 106961  300.00000  118  331  500.00000  300.00000  40.0%   154 4407s
 520392 106903 infeasible  119       500.00000  300.00000  40.0%   154 4410s
 521810 107172 infeasible  117       500.00000  300.00000  40.0%   154 4420s
 522443 107668  300.00000  111  305  500.00000  300.00000  40.0%   154 4431s
 526969 107626 infeasible  108       500.00000  300.00000  40.0%   154 4451s
 527070 107627 infeasible  106       500.00000  300.00000  40.0%   154 4455s
 527414 107739 infeasible   97       500.00000  300.00000  40.0%   154 4461s
 527906 107826  300.00000   90  221  500.00000  300.00000  40.0%   154 4467s
 528180 107850 infeasible  103       500.00000  300.00000  40.0%   154 4472s
 528391 107925     cutoff  104       500.00000  300.00000  40.0%   154 4476s
 528738 107999  300.00000   90  242  500.00000  300.00000  40.0%   154 4480s
 529124 108032     cutoff  112       500.00000  300.00000  40.0%   154 4512s
 529297 108089  300.00000  118  201  500.00000  300.00000  40.0%   154 4516s
 529641 108124  300.00000  125  298  500.00000  300.00000  40.0%   154 4521s
 529977 108210     cutoff   78       500.00000  300.00000  40.0%   154 4525s
 530487 108288  300.00000  140  290  500.00000  300.00000  40.0%   154 4531s
 530895 108757     cutoff  138       500.00000  300.00000  40.0%   154 4537s
 533939 108718 infeasible  162       500.00000  300.00000  40.0%   154 4540s
 534524 109417  300.00000   67  177  500.00000  300.00000  40.0%   154 4552s
 538268 109476     cutoff  129       500.00000  300.00000  40.0%   154 4556s
 538680 109869  300.00000   86  294  500.00000  300.00000  40.0%   154 4561s
 539884 110344  300.00000   99  193  500.00000  300.00000  40.0%   154 4565s
 541293 110658  300.00000   90  214  500.00000  300.00000  40.0%   153 4570s
 542531 110959  300.00000  114  187  500.00000  300.00000  40.0%   153 4575s
 544017 111358 infeasible  114       500.00000  300.00000  40.0%   153 4580s
 545345 111580  300.19841  106  381  500.00000  300.00000  40.0%   153 4585s
 546861 111871  300.00000   96  311  500.00000  300.00000  40.0%   153 4591s
 548127 111914 infeasible  114       500.00000  300.00000  40.0%   153 4597s
 548771 112400  303.42649  113  239  500.00000  300.00000  40.0%   153 4607s
 552812 112409 infeasible  121       500.00000  300.00000  40.0%   153 4610s
 553249 112464 infeasible  121       500.00000  300.00000  40.0%   153 4616s
 553707 112705  300.77422  108  374  500.00000  300.00000  40.0%   153 4620s
 555083 112671 infeasible  134       500.00000  300.00000  40.0%   153 4625s
 555129 112693  305.45396  104  431  500.00000  300.00000  40.0%   153 4649s
 555226 112729  300.00000  103  283  500.00000  300.00000  40.0%   153 4652s
 555499 112776  300.00000  103  252  500.00000  300.00000  40.0%   153 4656s
 556070 112770  300.08186  105  373  500.00000  300.00000  40.0%   153 4663s
 556379 112830     cutoff   95       500.00000  300.00000  40.0%   153 4668s
 556751 112997 infeasible   98       500.00000  300.00000  40.0%   153 4672s
 558450 112964  300.00000   99  291  500.00000  300.00000  40.0%   153 4675s
 559426 113601 infeasible  111       500.00000  300.00000  40.0%   153 4683s
 561088 113772  300.00000   55  197  500.00000  300.00000  40.0%   153 4690s
 561870 114573  300.00000  100  271  500.00000  300.00000  40.0%   153 4699s
 565632 114591     cutoff   89       500.00000  300.00000  40.0%   152 4702s
 565832 114673     cutoff   93       500.00000  300.00000  40.0%   152 4705s
 567836 114863     cutoff  104       500.00000  300.00000  40.0%   152 4710s
 568555 115037  310.26807   99  385  500.00000  300.00000  40.0%   152 4718s
 569095 115087  300.00000   65  278  500.00000  300.00000  40.0%   152 4720s
 569775 115328  300.00000   82  158  500.00000  300.00000  40.0%   152 4727s
 571322 115333 infeasible  103       500.00000  300.00000  40.0%   152 4730s
 573086 115606 infeasible   96       500.00000  300.00000  40.0%   152 4735s
 573417 115604  305.52263  105  338  500.00000  300.00000  40.0%   152 4742s
 573457 115650 infeasible  106       500.00000  300.00000  40.0%   152 4746s
 573752 115747     cutoff   83       500.00000  300.00000  40.0%   152 4753s
 574175 116096 infeasible   84       500.00000  300.00000  40.0%   152 4767s
 576979 116479 infeasible  100       500.00000  300.00000  40.0%   152 4773s
 579374 116553  300.00000  102  204  500.00000  300.00000  40.0%   152 4777s
 579691 116613  327.60787  105  291  500.00000  300.00000  40.0%   152 4781s
 580101 116665  300.00000   74  205  500.00000  300.00000  40.0%   152 4786s
 580363 116747  300.00000   75  188  500.00000  300.00000  40.0%   152 4790s
 580674 116875     cutoff  114       500.00000  300.00000  40.0%   152 4795s
 581412 117146  300.00000  118  250  500.00000  300.00000  40.0%   152 4800s
 583949 117472  300.00000   92  200  500.00000  300.00000  40.0%   151 4809s
 585907 117460 infeasible   98       500.00000  300.00000  40.0%   151 4817s
 585948 117514  300.00000   96  303  500.00000  300.00000  40.0%   151 4821s
 586338 117569  300.00000  104  251  500.00000  300.00000  40.0%   151 4827s
 587114 117722  333.33333  106  330  500.00000  300.00000  40.0%   151 4840s
 589021 117743     cutoff  111       500.00000  300.00000  40.0%   151 4845s
 589629 117894  300.00000   83  282  500.00000  300.00000  40.0%   151 4851s
 590334 118134 infeasible   95       500.00000  300.00000  40.0%   151 4858s
 592795 118177     cutoff  102       500.00000  300.00000  40.0%   151 4862s
 593471 118348  300.00000   97  238  500.00000  300.00000  40.0%   151 4870s
 595371 118368     cutoff  103       500.00000  300.00000  40.0%   151 4875s
 596279 118449  300.00000  102  234  500.00000  300.00000  40.0%   151 4916s
 596521 118467     cutoff  103       500.00000  300.00000  40.0%   151 4922s
 596681 118489  300.00000  103  225  500.00000  300.00000  40.0%   151 4928s
 597206 118511  300.00000  104  280  500.00000  300.00000  40.0%   151 4933s
 597693 118564     cutoff  102       500.00000  300.00000  40.0%   151 4938s
 598288 118587     cutoff  112       500.00000  300.00000  40.0%   151 4943s
 598876 118608 infeasible   99       500.00000  300.00000  40.0%   151 4950s
 599712 118690     cutoff  100       500.00000  300.00000  40.0%   151 4957s
 600456 118880  300.00000  127  318  500.00000  300.00000  40.0%   151 4966s
 603585 118892  300.00000  104  273  500.00000  300.00000  40.0%   151 4970s
 603996 118912     cutoff  112       500.00000  300.00000  40.0%   151 4975s
 604502 119010     cutoff  133       500.00000  300.00000  40.0%   151 4984s
 605705 119007 infeasible  121       500.00000  300.00000  40.0%   151 4988s
 606033 119061  300.00000  117  323  500.00000  300.00000  40.0%   151 4992s
 606770 119123  300.00000  124  239  500.00000  300.00000  40.0%   151 4997s
 608376 119107 infeasible  123       500.00000  300.00000  40.0%   151 5001s
 608802 119232  311.07011  100  339  500.00000  300.00000  40.0%   151 5005s
 610195 119810  300.00000  132  268  500.00000  300.00000  40.0%   151 5014s
 612523 119875 infeasible  118       500.00000  300.00000  40.0%   151 5020s
 613182 120528  300.00000  114  253  500.00000  300.00000  40.0%   151 5031s
 616868 120667  300.00000   76  336  500.00000  300.00000  40.0%   151 5037s
 617159 120806  300.00000   89  188  500.00000  300.00000  40.0%   151 5041s
 617531 120914     cutoff   93       500.00000  300.00000  40.0%   151 5045s
 620338 121489 infeasible  152       500.00000  300.00000  40.0%   151 5052s
 620804 121754  304.36595  102  255  500.00000  300.00000  40.0%   151 5056s
 622502 121859  300.00000  124  221  500.00000  300.00000  40.0%   150 5063s
 622760 121912     cutoff  136       500.00000  300.00000  40.0%   151 5066s
 624237 122143 infeasible  111       500.00000  300.00000  40.0%   150 5073s
 624531 122428  300.00000  116  281  500.00000  300.00000  40.0%   150 5076s
 626432 122466 infeasible  123       500.00000  300.00000  40.0%   150 5083s
 627039 122734  300.00000  121  275  500.00000  300.00000  40.0%   150 5095s
 632103 122704  300.99206  121  324  500.00000  300.00000  40.0%   150 5101s
 632557 122817  300.00000  100  218  500.00000  300.00000  40.0%   150 5107s
 632810 123103  300.00000  129  227  500.00000  300.00000  40.0%   150 5110s
 635025 123439  300.00000  119  277  500.00000  300.00000  40.0%   150 5117s
 636006 123485 infeasible  114       500.00000  300.00000  40.0%   150 5120s
 637458 123692 infeasible  151       500.00000  300.00000  40.0%   149 5125s
 639386 124240 infeasible  117       500.00000  300.00000  40.0%   149 5135s
 640039 124244  300.00000  155  262  500.00000  300.00000  40.0%   149 5156s
 640047 124257     cutoff  156       500.00000  300.00000  40.0%   149 5167s
 640578 124273     cutoff  115       500.00000  300.00000  40.0%   149 5180s
 641336 124386  300.00000  138  235  500.00000  300.00000  40.0%   149 5194s
 641868 124489  300.00000  156  182  500.00000  300.00000  40.0%   149 5209s
 643092 124566  300.00000   55  325  500.00000  300.00000  40.0%   150 5223s
 643943 125540  300.00000  152  275  500.00000  300.00000  40.0%   150 5239s
 649568 125473  300.00000  143  269  500.00000  300.00000  40.0%   149 5244s
 649999 125490 infeasible  102       500.00000  300.00000  40.0%   149 5260s
 650230 125518  300.00000  135  308  500.00000  300.00000  40.0%   149 5267s
 650584 125561  300.00000  133  283  500.00000  300.00000  40.0%   149 5272s
 651028 125598 infeasible  150       500.00000  300.00000  40.0%   149 5278s
 651458 125707  300.00000  133  310  500.00000  300.00000  40.0%   149 5285s
 652508 125733  300.00000  126  229  500.00000  300.00000  40.0%   149 5292s
 653087 126328  300.00000  156  279  500.00000  300.00000  40.0%   149 5303s
 658877 126289 infeasible  169       500.00000  300.00000  40.0%   148 5309s
 658928 126344  300.00000  140  243  500.00000  300.00000  40.0%   148 5311s
 659307 126402 infeasible  150       500.00000  300.00000  40.0%   148 5316s
 659671 126447  300.00000  146  274  500.00000  300.00000  40.0%   148 5321s
 660241 126736  300.00000  152  279  500.00000  300.00000  40.0%   148 5327s
 662026 126755 infeasible  140       500.00000  300.00000  40.0%   148 5332s
 662728 127036     cutoff  102       500.00000  300.00000  40.0%   148 5336s
 662964 127144  326.73108  103  247  500.00000  300.00000  40.0%   148 5343s
 663306 127184     cutoff  105       500.00000  300.00000  40.0%   148 5346s
 663715 127624  300.00000  113  242  500.00000  300.00000  40.0%   148 5351s
 665037 127736 infeasible  115       500.00000  300.00000  40.0%   148 5361s
 665953 127804  300.00000  161  316  500.00000  300.00000  40.0%   148 5367s
 666369 127796  300.00000  107  259  500.00000  300.00000  40.0%   148 5393s
 666450 127815  300.00000  108  268  500.00000  300.00000  40.0%   148 5403s
 667235 127815  300.00000  108  244  500.00000  300.00000  40.0%   149 5414s
 667999 127812     cutoff  121       500.00000  300.00000  40.0%   149 5429s
 668365 127778     cutoff  123       500.00000  300.00000  40.0%   149 5443s
 669174 127933  300.00000  112  250  500.00000  300.00000  40.0%   149 5456s
 673520 127924     cutoff  126       500.00000  300.00000  40.0%   149 5462s
 673896 127940  300.00000  120  192  500.00000  300.00000  40.0%   149 5469s
 674297 128087  300.00000  112  210  500.00000  300.00000  40.0%   149 5475s
 676879 128090 infeasible  119       500.00000  300.00000  40.0%   149 5480s
 677217 128078     cutoff  115       500.00000  300.00000  40.0%   149 5486s
 677578 128517     cutoff  126       500.00000  300.00000  40.0%   149 5493s
 680135 128585     cutoff  147       500.00000  300.00000  40.0%   149 5496s
 680876 128799     cutoff  102       500.00000  300.00000  40.0%   149 5502s
 683038 128915  333.33333  110  305  500.00000  300.00000  40.0%   148 5506s
 683951 129144  300.00000  121  258  500.00000  300.00000  40.0%   148 5512s
 685162 129361  300.00000   99  345  500.00000  300.00000  40.0%   148 5517s
 686451 129384 infeasible  114       500.00000  300.00000  40.0%   148 5520s
 687248 129661 infeasible  114       500.00000  300.00000  40.0%   148 5526s
 689425 129824  300.00000  101  304  500.00000  300.00000  40.0%   148 5532s
 690838 129817 infeasible  124       500.00000  300.00000  40.0%   148 5539s
 691513 130641  300.00000  113  173  500.00000  300.00000  40.0%   148 5548s
 696294 130601 infeasible  120       500.00000  300.00000  40.0%   148 5551s
 696530 130603     cutoff  108       500.00000  300.00000  40.0%   148 5555s
 696768 130713     cutoff  122       500.00000  300.00000  40.0%   148 5560s
 697287 130996  300.00000  125  315  500.00000  300.00000  40.0%   148 5565s
 698565 130969 infeasible  157       500.00000  300.00000  40.0%   148 5570s
 698901 130991  313.93637  130  327  500.00000  300.00000  40.0%   148 5578s
 699027 131051 infeasible  131       500.00000  300.00000  40.0%   148 5581s
 700853 131255 infeasible  125       500.00000  300.00000  40.0%   148 5587s
 701102 131343  313.33333  110  200  500.00000  300.00000  40.0%   148 5590s
 702844 131522 infeasible  113       500.00000  300.00000  40.0%   147 5596s
 703070 131643  302.54237  115  305  500.00000  300.00000  40.0%   148 5601s
 704185 131670 infeasible  155       500.00000  300.00000  40.0%   147 5608s
 704805 132047 infeasible  128       500.00000  300.00000  40.0%   147 5625s
 708417 132039  300.00000  104  236  500.00000  300.00000  40.0%   147 5630s
 708635 132039 infeasible  141       500.00000  300.00000  40.0%   147 5635s
 708980 132045  300.00000  139  277  500.00000  300.00000  40.0%   147 5640s
 709340 132115 infeasible  127       500.00000  300.00000  40.0%   147 5646s
 709720 132218  300.00000  106  315  500.00000  300.00000  40.0%   147 5652s
 710512 132508 infeasible  122       500.00000  300.00000  40.0%   147 5659s
 712952 132554 infeasible  133       500.00000  300.00000  40.0%   147 5663s
 713341 132594  300.00000   97  243  500.00000  300.00000  40.0%   147 5671s
 713806 132603     cutoff  103       500.00000  300.00000  40.0%   147 5678s
 714213 132608  300.00000  119  213  500.00000  300.00000  40.0%   147 5684s
 714638 133045  300.00000  108  248  500.00000  300.00000  40.0%   147 5690s
 717254 133031  300.00000  114  276  500.00000  300.00000  40.0%   147 5697s
 717845 133319  300.00000  125  269  500.00000  300.00000  40.0%   147 5711s
 720305 133270 infeasible  156       500.00000  300.00000  40.0%   147 5724s
 720715 133201  300.00000  146  260  500.00000  300.00000  40.0%   147 5730s
 721276 133184     cutoff  141       500.00000  300.00000  40.0%   147 5737s
 721833 133145  300.00000  137  309  500.00000  300.00000  40.0%   147 5744s
 722583 133142  300.00000  109  267  500.00000  300.00000  40.0%   147 5752s
 723291 133672  300.00000  133  310  500.00000  300.00000  40.0%   147 5760s
 726974 133654 infeasible  123       500.00000  300.00000  40.0%   147 5774s
 727133 133678     cutoff  140       500.00000  300.00000  40.0%   147 5778s
 727517 133683     cutoff  144       500.00000  300.00000  40.0%   147 5783s
 727944 133732     cutoff  121       500.00000  300.00000  40.0%   147 5787s
 728597 133783  300.00000  115  258  500.00000  300.00000  40.0%   147 5792s
 729715 133775 infeasible  166       500.00000  300.00000  40.0%   147 5797s
 730035 133776  300.00000  149  289  500.00000  300.00000  40.0%   147 5804s
 731817 133775 infeasible  130       500.00000  300.00000  40.0%   147 5807s
 732124 134032  300.00000  141  281  500.00000  300.00000  40.0%   147 5812s
 734444 133965     cutoff  167       500.00000  300.00000  40.0%   147 5837s
 734594 133970 infeasible  140       500.00000  300.00000  40.0%   147 5840s
 735104 133940 infeasible  140       500.00000  300.00000  40.0%   147 5846s
 735348 133917  300.00000  133  291  500.00000  300.00000  40.0%   147 5850s
 735902 133903 infeasible  148       500.00000  300.00000  40.0%   147 5858s
 736523 133966  300.00000  123  279  500.00000  300.00000  40.0%   147 5862s
 737498 133994     cutoff  135       500.00000  300.00000  40.0%   147 5866s
 737949 134230  300.00000  136  265  500.00000  300.00000  40.0%   147 5871s
 740670 134414  300.00000  114  294  500.00000  300.00000  40.0%   147 5877s
 742142 134368 infeasible  143       500.00000  300.00000  40.0%   146 5883s
 742300 134335  300.00000  141  270  500.00000  300.00000  40.0%   146 5886s
 742534 134395  300.00000  103  212  500.00000  300.00000  40.0%   146 5890s
 744025 134649     cutoff  134       500.00000  300.00000  40.0%   146 5897s
 745876 134587 infeasible  161       500.00000  300.00000  40.0%   146 5904s
 746109 134294 infeasible  134       500.00000  300.00000  40.0%   146 5927s
 747626 134535  320.68055  135  384  500.00000  300.00000  40.0%   146 5940s
 751460 134491 infeasible  150       500.00000  300.00000  40.0%   146 5945s
 751820 134696 infeasible  120       500.00000  300.00000  40.0%   146 5951s
 754781 134528  300.00000  119  299  500.00000  300.00000  40.0%   146 5958s
 755072 134563  300.00000  127  309  500.00000  300.00000  40.0%   146 5966s
 755516 134546     cutoff  128       500.00000  300.00000  40.0%   146 5970s
 755859 134576  300.00000  126  248  500.00000  300.00000  40.0%   146 5994s
 756013 134575     cutoff  127       500.00000  300.00000  40.0%   146 5998s
 756385 134619  300.00000  117  234  500.00000  300.00000  40.0%   146 6003s
 756797 134624  300.00000  122  248  500.00000  300.00000  40.0%   146 6008s
 757214 134661  300.00000  131  256  500.00000  300.00000  40.0%   146 6013s
 757634 134683     cutoff  144       500.00000  300.00000  40.0%   146 6018s
 758457 134706     cutoff  135       500.00000  300.00000  40.0%   146 6025s
 759667 134766  300.00000  135  264  500.00000  300.00000  40.0%   146 6030s
 760222 134952 infeasible  117       500.00000  300.00000  40.0%   146 6037s
 761452 134928     cutoff  143       500.00000  300.00000  40.0%   146 6043s
 761906 134988 infeasible  146       500.00000  300.00000  40.0%   146 6049s
 762784 135107  303.20000  121  212  500.00000  300.00000  40.0%   146 6056s
 765797 135092 infeasible  131       500.00000  300.00000  40.0%   146 6061s
 766139 135078 infeasible  133       500.00000  300.00000  40.0%   146 6065s
 766515 135246  300.86022  128  345  500.00000  300.00000  40.0%   146 6070s
 769395 135338     cutoff  134       500.00000  300.00000  40.0%   146 6078s
 771543 135349 infeasible  146       500.00000  300.00000  40.0%   146 6085s
 772131 135604  300.00000  122  286  500.00000  300.00000  40.0%   146 6097s
 777230 135592  322.58065  111  255  500.00000  300.00000  40.0%   145 6100s
 777657 135591     cutoff  128       500.00000  300.00000  40.0%   145 6106s
 777882 135595  300.00000  129  261  500.00000  300.00000  40.0%   145 6111s
 777900 135569 infeasible  130       500.00000  300.00000  40.0%   145 6116s
 778268 135572  300.00000  115  244  500.00000  300.00000  40.0%   145 6123s
 778771 135708     cutoff  129       500.00000  300.00000  40.0%   145 6128s
 780402 135686     cutoff  138       500.00000  300.00000  40.0%   145 6131s
 780650 135734  300.00000  152  194  500.00000  300.00000  40.0%   145 6137s
 781029 135696     cutoff  153       500.00000  300.00000  40.0%   145 6140s
 782109 135705  300.00000  142  232  500.00000  300.00000  40.0%   145 6148s
 782397 135810  300.00000  142  216  500.00000  300.00000  40.0%   145 6152s
 783966 135798 infeasible  120       500.00000  300.00000  40.0%   145 6155s
 784240 136032  313.33333  117  292  500.00000  300.00000  40.0%   145 6164s
 786224 135979 infeasible  146       500.00000  300.00000  40.0%   145 6167s
 786486 135948 infeasible  128       500.00000  300.00000  40.0%   145 6171s
 786829 135965  300.00000  128  247  500.00000  300.00000  40.0%   145 6176s
 787461 136047     cutoff  121       500.00000  300.00000  40.0%   145 6182s
 789104 136031 infeasible  151       500.00000  300.00000  40.0%   145 6185s
 789386 136024     cutoff  130       500.00000  300.00000  40.0%   145 6191s
 789499 135996  300.00000  132  289  500.00000  300.00000  40.0%   145 6196s
 789817 136069  300.00000  127  240  500.00000  300.00000  40.0%   145 6201s
 791604 136051     cutoff  132       500.00000  300.00000  40.0%   145 6219s
 791733 136060 infeasible  154       500.00000  300.00000  40.0%   145 6225s
 792141 136049  300.00000  115  247  500.00000  300.00000  40.0%   145 6234s
 792541 136026 infeasible  139       500.00000  300.00000  40.0%   145 6239s
 792926 135990     cutoff  132       500.00000  300.00000  40.0%   145 6244s
 793295 136050  300.00000  104  273  500.00000  300.00000  40.0%   145 6249s
 794763 136025     cutoff  138       500.00000  300.00000  40.0%   145 6256s
 795062 136192  300.00000  130  242  500.00000  300.00000  40.0%   145 6264s
 797151 136165     cutoff  125       500.00000  300.00000  40.0%   145 6271s
 797751 136427     cutoff  122       500.00000  300.00000  40.0%   145 6282s
 802695 136427  300.00000  128  242  500.00000  300.00000  40.0%   145 6288s
 802737 136403  300.00000  129  239  500.00000  300.00000  40.0%   145 6291s
 803212 136389 infeasible  127       500.00000  300.00000  40.0%   145 6296s
 803440 136363  300.00000  139  280  500.00000  300.00000  40.0%   145 6300s
 803878 136354 infeasible  126       500.00000  300.00000  40.0%   145 6306s
 804562 136326  300.00000  140  263  500.00000  300.00000  40.0%   145 6310s
 806824 136474     cutoff  140       500.00000  300.00000  40.0%   145 6335s
 807124 136423  300.29376  127  353  500.00000  300.00000  40.0%   145 6341s
 807376 136427  300.00000  143  303  500.00000  300.00000  40.0%   145 6345s
 807902 136537  300.00000  146  244  500.00000  300.00000  40.0%   145 6352s
 809679 136469 infeasible  145       500.00000  300.00000  40.0%   144 6359s
 810262 136797  300.00000  141  310  500.00000  300.00000  40.0%   145 6371s
 815697 136701  300.00000  135  263  500.00000  300.00000  40.0%   144 6376s
 816120 136675  300.00000  132  275  500.00000  300.00000  40.0%   144 6381s
 816328 136772  300.00000  142  285  500.00000  300.00000  40.0%   144 6385s
 818024 136921  300.00000  136  283  500.00000  300.00000  40.0%   144 6390s
 819461 136962  300.00000  117  303  500.00000  300.00000  40.0%   144 6395s
 820262 136936  300.00000  123  189  500.00000  300.00000  40.0%   144 6404s
 820504 136938     cutoff  135       500.00000  300.00000  40.0%   144 7027s
 820587 136901  300.00000  136  327  500.00000  300.00000  40.0%   144 7030s
 821118 136808 infeasible  130       500.00000  300.00000  40.0%   144 7036s
 821592 136825  300.00000  119  266  500.00000  300.00000  40.0%   144 7041s
 821826 136809     cutoff  129       500.00000  300.00000  40.0%   144 7045s
 824003 136917 infeasible  133       500.00000  300.00000  40.0%   144 7055s
 824600 137298     cutoff  141       500.00000  300.00000  40.0%   144 7065s
 829890 137262  300.00000  124  331  500.00000  300.00000  40.0%   144 7070s
 830710 137336 infeasible  118       500.00000  300.00000  40.0%   144 7077s
 831497 137341  300.00000  127  312  500.00000  300.00000  40.0%   144 7087s
 831747 137353  300.00000  123  221  500.00000  300.00000  40.0%   144 7092s
 831892 137398 infeasible  131       500.00000  300.00000  40.0%   144 7095s
 832378 137582  300.00000  143  279  500.00000  300.00000  40.0%   144 7101s
 833799 137551 infeasible  146       500.00000  300.00000  40.0%   144 7110s
 834163 137562  300.00000  132  299  500.00000  300.00000  40.0%   144 7116s
 834411 137704     cutoff  139       500.00000  300.00000  40.0%   144 7120s
 836151 137907  300.00000  123  205  500.00000  300.00000  40.0%   144 7126s
 837528 137881  309.03226  143  332  500.00000  300.00000  40.0%   144 7132s
 838083 138112  300.00000  130  298  500.00000  300.00000  40.0%   144 7144s
 841780 138090 infeasible  129       500.00000  300.00000  40.0%   144 7147s
 842123 138086  300.00000  132  198  500.00000  300.00000  40.0%   144 7150s
 842406 138115  300.00000  134  290  500.00000  300.00000  40.0%   144 7155s
 843092 138149  300.00000  127  306  500.00000  300.00000  40.0%   144 7164s
 843561 138137  300.00000  127  319  500.00000  300.00000  40.0%   144 7172s
 843822 138093     cutoff  133       500.00000  300.00000  40.0%   144 7176s
 844175 138109     cutoff  131       500.00000  300.00000  40.0%   144 7181s
 844533 138565  300.00000  135  312  500.00000  300.00000  40.0%   144 7186s
 846976 138539 infeasible  152       500.00000  300.00000  40.0%   144 7190s
 847350 138755  300.00000  150  243  500.00000  300.00000  40.0%   144 7195s
 849382 138694     cutoff  164       500.00000  300.00000  40.0%   144 7200s

Cutting planes:
  Learned: 13
  Gomory: 4
  Cover: 156
  Implied bound: 1
  Clique: 13
  MIR: 2
  Flow cover: 373
  Zero half: 9
  RLT: 2
  Relax-and-lift: 2
  BQP: 3

Explored 849511 nodes (122567719 simplex iterations) in 7200.03 seconds (6959.65 work units)
Thread count was 12 (of 12 available processors)

Solution count 3: 500 550 700 

Time limit reached
Best objective 5.000000000000e+02, best bound 3.000000000000e+02, gap 40.0000%
